<html>
<body>
<pre>
<h1>µVision Build Log</h1>
<h2>Project:</h2>
C:\Users\abhij\Documents\ESD-LAB\ES-Lab\Lab4\some_bullshit_stuff\binary_search\BS.uvproj
Project File Date:  08/30/2026

<h2>Output:</h2>
Build target 'Target 1'
assembling BS_ARM.s...
linking...
Program Size: Code=72 RO-data=48 RW-data=0 ZI-data=0  
".\BS.axf" - 0 Error(s), 0 Warning(s).
assembling BS_ARM.s...
"BS_ARM.s" - 0 Error(s), 0 Warning(s).
Error: Could not load file 'C:\Users\abhij\Documents\ESD-LAB\ES-Lab\Lab4\some_bullshit_stuff\binary_search\BS.axf'. Debugger aborted !
