


ARM Macro Assembler    Page 1 


    1 00000000                 AREA             RESET, DATA, READONLY
    2 00000000                 EXPORT           __Vectors
    3 00000000         
    4 00000000         __Vectors
    5 00000000 10001000        DCD              0x10001000  ; stack pointer val
                                                            ue when stack is em
                                                            pty
    6 00000004 00000000        DCD              Reset_Handler ; reset vector
    7 00000008         
    8 00000008                 ALIGN
    9 00000008         
   10 00000008                 AREA             mycode, CODE, READONLY
   11 00000000                 ENTRY
   12 00000000                 EXPORT           Reset_Handler
   13 00000000         
   14 00000000         Reset_Handler
   15 00000000         
   16 00000000 4814            LDR              R0,=ARRAY
   17 00000002 F04F 0205       MOV              R2, #5
   18 00000006 F8DF B050       LDR              R11,=RESULT
   19 0000000A         LOOP
   20 0000000A F830 1B02       LDRH             R1,[R0],#2
   21 0000000E F000 F80B       BL               SUM_DIG
   22 00000012 F000 F815       BL               BCD
   23 00000016 F88B 9000       STRB             R9,[R11]
   24 0000001A F88B A001       STRB             R10,[R11,#1]
   25 0000001E F10B 0B02       ADD              R11, R11, #2
   26 00000022 1E52            SUBS             R2, R2, #1
   27 00000024 D1F1            BNE              LOOP
   28 00000026         
   29 00000026 E014            B                STOP
   30 00000028         SUM_DIG
   31 00000028 F04F 0400       MOV              R4,#0
   32 0000002C         LOOP_2
   33 0000002C         
   34 0000002C F04F 030F       MOV              R3, #0x0F
   35 00000030 EA03 0301       AND              R3, R3, R1
   36 00000034 441C            ADD              R4, R4, R3
   37 00000036 EA4F 1111       LSR              R1, R1, #4
   38 0000003A 2900            CMP              R1, #0
   39 0000003C D1F6            BNE              LOOP_2
   40 0000003E         
   41 0000003E 4770            BX               LR
   42 00000040         
   43 00000040         BCD
   44 00000040 F04F 050A       MOV              R5, #10
   45 00000044         
   46 00000044 FBB4 FAF5       UDIV             R10, R4, R5
   47 00000048         
   48 00000048 FB0A F705       MUL              R7, R10, R5
   49 0000004C EBA4 0907       SUB              R9, R4, R7
   50 00000050         ;R9 : ones
   51 00000050         ;R10 :tens
   52 00000050         
   53 00000050 4770            BX               LR
   54 00000052         
   55 00000052         STOP
   56 00000052 E7FE            B                STOP
   57 00000054         



ARM Macro Assembler    Page 2 


   58 00000054 00000000 
              00000000         AREA             mydata, DATA, READWRITE
   59 00000000         RESULT
   60 00000000 00 00 00 
              00 00 00 
              00 00 00 
              00 00 00 
              00 00 00 
              00 00 00 
              00 00 00 
              00 00 00 
              00 00 00 
              00 00 00 
              00 00 00 
              00 00 00 
              00 00 00 
              00               SPACE            40
   61 00000028         
   62 00000028                 AREA             constdata, DATA, READONLY
   63 00000000         ARRAY
   64 00000000 34 12 45 
              23 56 34 
              67 45 78 
              56               DCW              0x1234, 0x2345, 0x3456, 0x4567,
 0x5678
   65 0000000A         
   66 0000000A                 END
Command Line: --debug --xref --cpu=Cortex-M3 --apcs=interwork --depend=.\q2arm.
d -o.\q2arm.o -IC:\Keil\ARM\RV31\INC -IC:\Keil\ARM\CMSIS\Include -IC:\Keil\ARM\
Inc\NXP\LPC17xx --predefine="__EVAL SETA 1" --list=.\q2arm.lst Q2ARM.s



ARM Macro Assembler    Page 1 Alphabetic symbol ordering
Relocatable symbols

RESET 00000000

Symbol: RESET
   Definitions
      At line 1 in file Q2ARM.s
   Uses
      None
Comment: RESET unused
__Vectors 00000000

Symbol: __Vectors
   Definitions
      At line 4 in file Q2ARM.s
   Uses
      At line 2 in file Q2ARM.s
Comment: __Vectors used once
2 symbols



ARM Macro Assembler    Page 1 Alphabetic symbol ordering
Relocatable symbols

BCD 00000040

Symbol: BCD
   Definitions
      At line 43 in file Q2ARM.s
   Uses
      At line 22 in file Q2ARM.s
Comment: BCD used once
LOOP 0000000A

Symbol: LOOP
   Definitions
      At line 19 in file Q2ARM.s
   Uses
      At line 27 in file Q2ARM.s
Comment: LOOP used once
LOOP_2 0000002C

Symbol: LOOP_2
   Definitions
      At line 32 in file Q2ARM.s
   Uses
      At line 39 in file Q2ARM.s
Comment: LOOP_2 used once
Reset_Handler 00000000

Symbol: Reset_Handler
   Definitions
      At line 14 in file Q2ARM.s
   Uses
      At line 6 in file Q2ARM.s
      At line 12 in file Q2ARM.s

STOP 00000052

Symbol: STOP
   Definitions
      At line 55 in file Q2ARM.s
   Uses
      At line 29 in file Q2ARM.s
      At line 56 in file Q2ARM.s

SUM_DIG 00000028

Symbol: SUM_DIG
   Definitions
      At line 30 in file Q2ARM.s
   Uses
      At line 21 in file Q2ARM.s
Comment: SUM_DIG used once
mycode 00000000

Symbol: mycode
   Definitions
      At line 10 in file Q2ARM.s
   Uses
      None
Comment: mycode unused
7 symbols



ARM Macro Assembler    Page 1 Alphabetic symbol ordering
Relocatable symbols

RESULT 00000000

Symbol: RESULT
   Definitions
      At line 59 in file Q2ARM.s
   Uses
      At line 18 in file Q2ARM.s
Comment: RESULT used once
mydata 00000000

Symbol: mydata
   Definitions
      At line 58 in file Q2ARM.s
   Uses
      None
Comment: mydata unused
2 symbols



ARM Macro Assembler    Page 1 Alphabetic symbol ordering
Relocatable symbols

ARRAY 00000000

Symbol: ARRAY
   Definitions
      At line 63 in file Q2ARM.s
   Uses
      At line 16 in file Q2ARM.s
Comment: ARRAY used once
constdata 00000000

Symbol: constdata
   Definitions
      At line 62 in file Q2ARM.s
   Uses
      None
Comment: constdata unused
2 symbols
346 symbols in table
