


ARM Macro Assembler    Page 1 


    1 00000000                 AREA             RESET, DATA, READONLY
    2 00000000                 EXPORT           __Vectors
    3 00000000         
    4 00000000         __Vectors
    5 00000000 10001000        DCD              0x10001000
    6 00000004 00000000        DCD              Reset_Handler
    7 00000008         
    8 00000008                 ALIGN
    9 00000008         
   10 00000008                 AREA             mycode, CODE, READONLY
   11 00000000                 ENTRY
   12 00000000                 EXPORT           Reset_Handler
   13 00000000         
   14 00000000         Reset_Handler
   15 00000000         ;A = A3 + A2 + A1 + A0
   16 00000000         ;B = B3 + B2 + B1 + B0
   17 00000000         ;each of 32 bits
   18 00000000         
   19 00000000         ;S0 = A0 - B0
   20 00000000         ;S1 = A1 - B1 - (1 - C0)
   21 00000000         ;S2 = A2 - B2 - (1 - C1)
   22 00000000         ;S2 = A3 - B3 - (1 - C2)
   23 00000000         ;S4 = (1 - C3)
   24 00000000         
   25 00000000         
   26 00000000 4811            LDR              R0, =NUM1
   27 00000002 4912            LDR              R1, =NUM2
   28 00000004 F8DF 9048       LDR              R9, =RESULT
   29 00000008         
   30 00000008         
   31 00000008         ;S0 = A0 - B0
   32 00000008 6802            LDR              R2, [R0, #0]
   33 0000000A 680B            LDR              R3, [R1, #0]
   34 0000000C 1AD4            SUBS             R4, R2, R3
   35 0000000E         
   36 0000000E         ;S1 = A1 - B1 - (1 - C0)
   37 0000000E 6842            LDR              R2, [R0, #4]
   38 00000010 684B            LDR              R3, [R1, #4]
   39 00000012 EB72 0503       SBCS             R5, R2, R3
   40 00000016         
   41 00000016         ;S2 = A2 - B2 - (1 - C1)
   42 00000016 6882            LDR              R2, [R0, #8]
   43 00000018 688B            LDR              R3, [R1, #8]
   44 0000001A EB72 0603       SBCS             R6, R2, R3
   45 0000001E         
   46 0000001E         ;S2 = A3 - B3 - (1 - C2)
   47 0000001E 68C2            LDR              R2, [R0, #12]
   48 00000020 68CB            LDR              R3, [R1, #12]
   49 00000022 EB72 0703       SBCS             R7, R2, R3
   50 00000026         
   51 00000026 F04F 0800       MOV              R8, #0
   52 0000002A BF38 F04F 
              0801             MOVCC            R8, #1
   53 00000030         
   54 00000030 F8C9 4000       STR              R4, [R9, #0]
   55 00000034 F8C9 5004       STR              R5, [R9, #4]
   56 00000038 F8C9 6008       STR              R6, [R9, #8]
   57 0000003C F8C9 700C       STR              R7, [R9, #12]
   58 00000040 F8C9 8010       STR              R8, [R9, #16]



ARM Macro Assembler    Page 2 


   59 00000044         
   60 00000044         
   61 00000044         STOP
   62 00000044 E7FE            B                STOP
   63 00000046         
   64 00000046         
   65 00000046         ; ======================================================
                       ===
   66 00000046         ; DATA
   67 00000046         ; ======================================================
                       ===
   68 00000046         
   69 00000046 00 00 00000000 
              00000000 
              00000000         AREA             mydata, DATA, READWRITE
   70 00000000         
   71 00000000         RESULT
   72 00000000 00 00 00 
              00 00 00 
              00 00 00 
              00 00 00 
              00 00 00 
              00 00 00 
              00 00            SPACE            20          ; 5 × 4 bytes
   73 00000014         
   74 00000014         
   75 00000014                 AREA             constdata, DATA, READONLY
   76 00000000         
   77 00000000         
   78 00000000         ; A = A3 A2 A1 A0
   79 00000000         NUM1
   80 00000000 FFFFFFFF        DCD              0xFFFFFFFF  ; A0
   81 00000004 FFFFFFFF        DCD              0xFFFFFFFF  ; A1
   82 00000008 FFFFFFFF        DCD              0xFFFFFFFF  ; A2
   83 0000000C FFFFFFFF        DCD              0xFFFFFFFF  ; A3
   84 00000010         
   85 00000010         
   86 00000010         ; B = B3 B2 B1 B0
   87 00000010         NUM2
   88 00000010 00000001        DCD              1           ; B0
   89 00000014 00000001        DCD              1           ; B1
   90 00000018 00000001        DCD              1           ; B2
   91 0000001C 00000001        DCD              1           ; B3
   92 00000020         
   93 00000020         
   94 00000020                 END
Command Line: --debug --xref --cpu=Cortex-M3 --apcs=interwork --depend=.\q3arm.
d -o.\q3arm.o -IC:\Keil\ARM\RV31\INC -IC:\Keil\ARM\CMSIS\Include -IC:\Keil\ARM\
Inc\NXP\LPC17xx --predefine="__EVAL SETA 1" --list=.\q3arm.lst Q3ARM.s



ARM Macro Assembler    Page 1 Alphabetic symbol ordering
Relocatable symbols

RESET 00000000

Symbol: RESET
   Definitions
      At line 1 in file Q3ARM.s
   Uses
      None
Comment: RESET unused
__Vectors 00000000

Symbol: __Vectors
   Definitions
      At line 4 in file Q3ARM.s
   Uses
      At line 2 in file Q3ARM.s
Comment: __Vectors used once
2 symbols



ARM Macro Assembler    Page 1 Alphabetic symbol ordering
Relocatable symbols

Reset_Handler 00000000

Symbol: Reset_Handler
   Definitions
      At line 14 in file Q3ARM.s
   Uses
      At line 6 in file Q3ARM.s
      At line 12 in file Q3ARM.s

STOP 00000044

Symbol: STOP
   Definitions
      At line 61 in file Q3ARM.s
   Uses
      At line 62 in file Q3ARM.s
Comment: STOP used once
mycode 00000000

Symbol: mycode
   Definitions
      At line 10 in file Q3ARM.s
   Uses
      None
Comment: mycode unused
3 symbols



ARM Macro Assembler    Page 1 Alphabetic symbol ordering
Relocatable symbols

RESULT 00000000

Symbol: RESULT
   Definitions
      At line 71 in file Q3ARM.s
   Uses
      At line 28 in file Q3ARM.s
Comment: RESULT used once
mydata 00000000

Symbol: mydata
   Definitions
      At line 69 in file Q3ARM.s
   Uses
      None
Comment: mydata unused
2 symbols



ARM Macro Assembler    Page 1 Alphabetic symbol ordering
Relocatable symbols

NUM1 00000000

Symbol: NUM1
   Definitions
      At line 79 in file Q3ARM.s
   Uses
      At line 26 in file Q3ARM.s
Comment: NUM1 used once
NUM2 00000010

Symbol: NUM2
   Definitions
      At line 87 in file Q3ARM.s
   Uses
      At line 27 in file Q3ARM.s
Comment: NUM2 used once
constdata 00000000

Symbol: constdata
   Definitions
      At line 75 in file Q3ARM.s
   Uses
      None
Comment: constdata unused
3 symbols
343 symbols in table
