


ARM Macro Assembler    Page 1 


    1 00000000                 AREA             RESET, DATA, READONLY
    2 00000000                 EXPORT           __Vectors
    3 00000000         
    4 00000000         __Vectors
    5 00000000 10001000        DCD              0x10001000  ; stack pointer val
                                                            ue when stack is em
                                                            pty
    6 00000004 00000000        DCD              Reset_Handler ; reset vector
    7 00000008         
    8 00000008                 ALIGN
    9 00000008         
   10 00000008                 AREA             mycode, CODE, READONLY
   11 00000000                 ENTRY
   12 00000000                 EXPORT           Reset_Handler
   13 00000000         Reset_Handler
   14 00000000         
   15 00000000 4815            LDR              R0, =ARRAY
   16 00000002 4916            LDR              R1, =RESULT
   17 00000004 F04F 020A       MOV              R2, #10
   18 00000008         LOOP
   19 00000008 F830 3B02       LDRH             R3, [R0], #2
   20 0000000C         
   21 0000000C F000 F803       BL               HEX_TO_ASCII
   22 00000010         
   23 00000010 1E52            SUBS             R2, R2, #1
   24 00000012 D1F9            BNE              LOOP
   25 00000014 E01E            B                STOP
   26 00000016         
   27 00000016         HEX_TO_ASCII
   28 00000016         
   29 00000016         ;extract lower nibble:
   30 00000016 F04F 040F       MOV              R4, #0x0F
   31 0000001A EA04 0403       AND              R4, R4, R3
   32 0000001E         
   33 0000001E 2C09            CMP              R4, #9
   34 00000020 DC00            BGT              ADD_37_lower
   35 00000022 DD02            BLE              ADD_30_lower
   36 00000024         
   37 00000024         ADD_37_lower
   38 00000024 F104 0437       ADD              R4, R4, #0x37
   39 00000028 E001            B                SECOND
   40 0000002A         ADD_30_lower
   41 0000002A F104 0430       ADD              R4, R4, #0x30
   42 0000002E         
   43 0000002E         SECOND
   44 0000002E         ;extract upper nibble:
   45 0000002E F04F 05F0       MOV              R5, #0xF0
   46 00000032 EA05 0503       AND              R5, R5, R3
   47 00000036 EA4F 1515       LSR              R5, R5, #4
   48 0000003A         
   49 0000003A 2D09            CMP              R5, #9
   50 0000003C         
   51 0000003C DC00            BGT              ADD_37_upper
   52 0000003E DD02            BLE              ADD_30_upper
   53 00000040         
   54 00000040         ADD_37_upper
   55 00000040 F105 0537       ADD              R5, R5, #0x37
   56 00000044 E001            B                DONE
   57 00000046         ADD_30_upper



ARM Macro Assembler    Page 2 


   58 00000046 F105 0530       ADD              R5, R5, #0x30
   59 0000004A         DONE
   60 0000004A         
   61 0000004A 700C            STRB             R4, [R1]
   62 0000004C 704D            STRB             R5, [R1,#1]
   63 0000004E         
   64 0000004E F101 0102       ADD              R1, R1, #2
   65 00000052 4770            BX               LR
   66 00000054         
   67 00000054         STOP
   68 00000054 E7FE            B                STOP
   69 00000056 00 00 00000000 
              00000000         AREA             mydata, DATA, READWRITE
   70 00000000         RESULT
   71 00000000 00 00 00 
              00 00 00 
              00 00 00 
              00 00 00 
              00 00 00 
              00 00 00 
              00 00 00 
              00 00 00 
              00 00 00 
              00 00 00 
              00 00 00 
              00 00 00 
              00 00 00 
              00               SPACE            40
   72 00000028                 AREA             constdata, DATA, READONLY
   73 00000000         ARRAY
   74 00000000 12 00 23 
              00 34 00 
              45 00 56 
              00 67 00 
              78 00 89 
              00 9A 00 
              AB 00            DCW              0x12, 0x23, 0x34, 0x45, 0x56, 0
x67, 0x78, 0x89, 0x9A, 0xAB
   75 00000014         
   76 00000014                 END
Command Line: --debug --xref --cpu=Cortex-M3 --apcs=interwork --depend=.\q1arm.
d -o.\q1arm.o -IC:\Keil\ARM\RV31\INC -IC:\Keil\ARM\CMSIS\Include -IC:\Keil\ARM\
Inc\NXP\LPC17xx --predefine="__EVAL SETA 1" --list=.\q1arm.lst Q1ARM.s



ARM Macro Assembler    Page 1 Alphabetic symbol ordering
Relocatable symbols

RESET 00000000

Symbol: RESET
   Definitions
      At line 1 in file Q1ARM.s
   Uses
      None
Comment: RESET unused
__Vectors 00000000

Symbol: __Vectors
   Definitions
      At line 4 in file Q1ARM.s
   Uses
      At line 2 in file Q1ARM.s
Comment: __Vectors used once
2 symbols



ARM Macro Assembler    Page 1 Alphabetic symbol ordering
Relocatable symbols

ADD_30_lower 0000002A

Symbol: ADD_30_lower
   Definitions
      At line 40 in file Q1ARM.s
   Uses
      At line 35 in file Q1ARM.s
Comment: ADD_30_lower used once
ADD_30_upper 00000046

Symbol: ADD_30_upper
   Definitions
      At line 57 in file Q1ARM.s
   Uses
      At line 52 in file Q1ARM.s
Comment: ADD_30_upper used once
ADD_37_lower 00000024

Symbol: ADD_37_lower
   Definitions
      At line 37 in file Q1ARM.s
   Uses
      At line 34 in file Q1ARM.s
Comment: ADD_37_lower used once
ADD_37_upper 00000040

Symbol: ADD_37_upper
   Definitions
      At line 54 in file Q1ARM.s
   Uses
      At line 51 in file Q1ARM.s
Comment: ADD_37_upper used once
DONE 0000004A

Symbol: DONE
   Definitions
      At line 59 in file Q1ARM.s
   Uses
      At line 56 in file Q1ARM.s
Comment: DONE used once
HEX_TO_ASCII 00000016

Symbol: HEX_TO_ASCII
   Definitions
      At line 27 in file Q1ARM.s
   Uses
      At line 21 in file Q1ARM.s
Comment: HEX_TO_ASCII used once
LOOP 00000008

Symbol: LOOP
   Definitions
      At line 18 in file Q1ARM.s
   Uses
      At line 24 in file Q1ARM.s
Comment: LOOP used once
Reset_Handler 00000000

Symbol: Reset_Handler



ARM Macro Assembler    Page 2 Alphabetic symbol ordering
Relocatable symbols

   Definitions
      At line 13 in file Q1ARM.s
   Uses
      At line 6 in file Q1ARM.s
      At line 12 in file Q1ARM.s

SECOND 0000002E

Symbol: SECOND
   Definitions
      At line 43 in file Q1ARM.s
   Uses
      At line 39 in file Q1ARM.s
Comment: SECOND used once
STOP 00000054

Symbol: STOP
   Definitions
      At line 67 in file Q1ARM.s
   Uses
      At line 25 in file Q1ARM.s
      At line 68 in file Q1ARM.s

mycode 00000000

Symbol: mycode
   Definitions
      At line 10 in file Q1ARM.s
   Uses
      None
Comment: mycode unused
11 symbols



ARM Macro Assembler    Page 1 Alphabetic symbol ordering
Relocatable symbols

RESULT 00000000

Symbol: RESULT
   Definitions
      At line 70 in file Q1ARM.s
   Uses
      At line 16 in file Q1ARM.s
Comment: RESULT used once
mydata 00000000

Symbol: mydata
   Definitions
      At line 69 in file Q1ARM.s
   Uses
      None
Comment: mydata unused
2 symbols



ARM Macro Assembler    Page 1 Alphabetic symbol ordering
Relocatable symbols

ARRAY 00000000

Symbol: ARRAY
   Definitions
      At line 73 in file Q1ARM.s
   Uses
      At line 15 in file Q1ARM.s
Comment: ARRAY used once
constdata 00000000

Symbol: constdata
   Definitions
      At line 72 in file Q1ARM.s
   Uses
      None
Comment: constdata unused
2 symbols
350 symbols in table
