


ARM Macro Assembler    Page 1 


    1 00000000                 AREA             RESET, DATA, READONLY
    2 00000000                 EXPORT           __Vectors
    3 00000000         
    4 00000000         __Vectors
    5 00000000 10001000        DCD              0x10001000  ; Initial stack poi
                                                            nter
    6 00000004 00000000        DCD              Reset_Handler ; Reset vector
    7 00000008         
    8 00000008                 ALIGN
    9 00000008         
   10 00000008                 AREA             mycode, CODE, READONLY
   11 00000000                 ENTRY
   12 00000000                 EXPORT           Reset_Handler
   13 00000000         
   14 00000000         Reset_Handler
   15 00000000         
   16 00000000 4809            LDR              R0, =NUM1
   17 00000002 490A            LDR              R1, =NUM2
   18 00000004 4E0A            LDR              R6, =RESULT
   19 00000006 F04F 0200       MOV              R2, #0      ;carry
   20 0000000A F04F 0300       MOV              R3, #0      ;sum
   21 0000000E         
   22 0000000E 6804            LDR              R4,[R0]     ;A
   23 00000010 680D            LDR              R5,[R1]     ;B
   24 00000012         
   25 00000012         LOOP
   26 00000012 191B            ADDS             R3, R3, R4
   27 00000014         
   28 00000014 D200            BCS              CARRY
   29 00000016 D301            BCC              NO_CARRY
   30 00000018         CARRY
   31 00000018 F102 0201       ADD              R2, R2, #1
   32 0000001C         NO_CARRY
   33 0000001C 1E6D            SUBS             R5, R5, #1
   34 0000001E         
   35 0000001E D1F8            BNE              LOOP
   36 00000020         
   37 00000020 6033            STR              R3,[R6]
   38 00000022 6072            STR              R2,[R6,#4]
   39 00000024         
   40 00000024         STOP
   41 00000024 E7FE            B                STOP
   42 00000026         
   43 00000026 00 00 00000000 
              00000000 
              00000000         AREA             mydata, DATA, READWRITE
   44 00000000         RESULT
   45 00000000 00 00 00 
              00 00 00 
              00 00            SPACE            8
   46 00000008         
   47 00000008                 AREA             constdata, DATA, READONLY
   48 00000000         NUM1
   49 00000000 0000000A        DCD              10
   50 00000004         NUM2
   51 00000004 00000005        DCD              5
   52 00000008         
   53 00000008                 END
Command Line: --debug --xref --cpu=Cortex-M3 --apcs=interwork --depend=.\q4arm.



ARM Macro Assembler    Page 2 


d -o.\q4arm.o -IC:\Keil\ARM\RV31\INC -IC:\Keil\ARM\CMSIS\Include -IC:\Keil\ARM\
Inc\NXP\LPC17xx --predefine="__EVAL SETA 1" --list=.\q4arm.lst Q4ARM.s



ARM Macro Assembler    Page 1 Alphabetic symbol ordering
Relocatable symbols

RESET 00000000

Symbol: RESET
   Definitions
      At line 1 in file Q4ARM.s
   Uses
      None
Comment: RESET unused
__Vectors 00000000

Symbol: __Vectors
   Definitions
      At line 4 in file Q4ARM.s
   Uses
      At line 2 in file Q4ARM.s
Comment: __Vectors used once
2 symbols



ARM Macro Assembler    Page 1 Alphabetic symbol ordering
Relocatable symbols

CARRY 00000018

Symbol: CARRY
   Definitions
      At line 30 in file Q4ARM.s
   Uses
      At line 28 in file Q4ARM.s
Comment: CARRY used once
LOOP 00000012

Symbol: LOOP
   Definitions
      At line 25 in file Q4ARM.s
   Uses
      At line 35 in file Q4ARM.s
Comment: LOOP used once
NO_CARRY 0000001C

Symbol: NO_CARRY
   Definitions
      At line 32 in file Q4ARM.s
   Uses
      At line 29 in file Q4ARM.s
Comment: NO_CARRY used once
Reset_Handler 00000000

Symbol: Reset_Handler
   Definitions
      At line 14 in file Q4ARM.s
   Uses
      At line 6 in file Q4ARM.s
      At line 12 in file Q4ARM.s

STOP 00000024

Symbol: STOP
   Definitions
      At line 40 in file Q4ARM.s
   Uses
      At line 41 in file Q4ARM.s
Comment: STOP used once
mycode 00000000

Symbol: mycode
   Definitions
      At line 10 in file Q4ARM.s
   Uses
      None
Comment: mycode unused
6 symbols



ARM Macro Assembler    Page 1 Alphabetic symbol ordering
Relocatable symbols

RESULT 00000000

Symbol: RESULT
   Definitions
      At line 44 in file Q4ARM.s
   Uses
      At line 18 in file Q4ARM.s
Comment: RESULT used once
mydata 00000000

Symbol: mydata
   Definitions
      At line 43 in file Q4ARM.s
   Uses
      None
Comment: mydata unused
2 symbols



ARM Macro Assembler    Page 1 Alphabetic symbol ordering
Relocatable symbols

NUM1 00000000

Symbol: NUM1
   Definitions
      At line 48 in file Q4ARM.s
   Uses
      At line 16 in file Q4ARM.s
Comment: NUM1 used once
NUM2 00000004

Symbol: NUM2
   Definitions
      At line 50 in file Q4ARM.s
   Uses
      At line 17 in file Q4ARM.s
Comment: NUM2 used once
constdata 00000000

Symbol: constdata
   Definitions
      At line 47 in file Q4ARM.s
   Uses
      None
Comment: constdata unused
3 symbols
346 symbols in table
