


ARM Macro Assembler    Page 1 


    1 00000000         ;Write an assembly program to convert a 2 digit hexadeci
                       mal number into unpacked ASCII. 
    2 00000000                 AREA             RESET, DATA, READONLY
    3 00000000                 EXPORT           __Vectors
    4 00000000         
    5 00000000         __Vectors
    6 00000000 10001000        DCD              0x10001000  ; stack pointer val
                                                            ue when stack is em
                                                            pty
    7 00000004 00000000        DCD              Reset_Handler ; reset vector
    8 00000008         
    9 00000008                 ALIGN
   10 00000008         
   11 00000008                 AREA             mycode, CODE, READONLY
   12 00000000                 ENTRY
   13 00000000                 EXPORT           Reset_Handler
   14 00000000         Reset_Handler
   15 00000000         
   16 00000000 480F            LDR              R0,=NUM1
   17 00000002 6801            LDR              R1,[R0]
   18 00000004 4D0F            LDR              R5, =RESULT
   19 00000006         ;extract lower nibble:
   20 00000006 F04F 020F       MOV              R2, #0x0F
   21 0000000A EA02 0201       AND              R2, R2, R1
   22 0000000E         
   23 0000000E 2A09            CMP              R2, #9
   24 00000010         
   25 00000010 DC03            BGT              ADD_37_lower
   26 00000012 DDFF            BLE              ADD_30_lower
   27 00000014         
   28 00000014         ADD_30_lower
   29 00000014 F102 0230       ADD              R2, R2, #0x30
   30 00000018 E001            B                SECOND
   31 0000001A         ADD_37_lower
   32 0000001A F102 0237       ADD              R2, R2, #0x37
   33 0000001E         SECOND
   34 0000001E         
   35 0000001E         ;extract upper nibble:
   36 0000001E         
   37 0000001E F04F 03F0       MOV              R3, #0xF0
   38 00000022 EA03 0301       AND              R3, R3, R1
   39 00000026 EA4F 1313       LSR              R3, R3, #4
   40 0000002A         
   41 0000002A 2B09            CMP              R3, #9
   42 0000002C         
   43 0000002C DC03            BGT              ADD_37_upper
   44 0000002E DDFF            BLE              ADD_30_upper
   45 00000030         
   46 00000030         ADD_30_upper
   47 00000030 F103 0330       ADD              R3, R3, #0x30
   48 00000034 E001            B                DONE
   49 00000036         ADD_37_upper
   50 00000036 F103 0337       ADD              R3, R3, #0x37
   51 0000003A         
   52 0000003A         DONE
   53 0000003A 702A            STRB             R2, [R5]
   54 0000003C 706B            STRB             R3, [R5,#1]
   55 0000003E         
   56 0000003E         STOP



ARM Macro Assembler    Page 2 


   57 0000003E E7FE            B                STOP
   58 00000040         
   59 00000040 00000000 
              00000000         AREA             mydata, DATA, READWRITE
   60 00000000         RESULT
   61 00000000 00 00 00 
              00 00 00 
              00 00            SPACE            8
   62 00000008         
   63 00000008                 AREA             constdata, DATA, READONLY
   64 00000000         NUM1
   65 00000000 00000021        DCD              0x21
   66 00000004         
   67 00000004                 END
Command Line: --debug --xref --cpu=Cortex-M3 --apcs=interwork --depend=.\q1arm.
d -o.\q1arm.o -IC:\Keil\ARM\RV31\INC -IC:\Keil\ARM\CMSIS\Include -IC:\Keil\ARM\
Inc\NXP\LPC17xx --predefine="__EVAL SETA 1" --list=.\q1arm.lst Q1ARM.s



ARM Macro Assembler    Page 1 Alphabetic symbol ordering
Relocatable symbols

RESET 00000000

Symbol: RESET
   Definitions
      At line 2 in file Q1ARM.s
   Uses
      None
Comment: RESET unused
__Vectors 00000000

Symbol: __Vectors
   Definitions
      At line 5 in file Q1ARM.s
   Uses
      At line 3 in file Q1ARM.s
Comment: __Vectors used once
2 symbols



ARM Macro Assembler    Page 1 Alphabetic symbol ordering
Relocatable symbols

ADD_30_lower 00000014

Symbol: ADD_30_lower
   Definitions
      At line 28 in file Q1ARM.s
   Uses
      At line 26 in file Q1ARM.s
Comment: ADD_30_lower used once
ADD_30_upper 00000030

Symbol: ADD_30_upper
   Definitions
      At line 46 in file Q1ARM.s
   Uses
      At line 44 in file Q1ARM.s
Comment: ADD_30_upper used once
ADD_37_lower 0000001A

Symbol: ADD_37_lower
   Definitions
      At line 31 in file Q1ARM.s
   Uses
      At line 25 in file Q1ARM.s
Comment: ADD_37_lower used once
ADD_37_upper 00000036

Symbol: ADD_37_upper
   Definitions
      At line 49 in file Q1ARM.s
   Uses
      At line 43 in file Q1ARM.s
Comment: ADD_37_upper used once
DONE 0000003A

Symbol: DONE
   Definitions
      At line 52 in file Q1ARM.s
   Uses
      At line 48 in file Q1ARM.s
Comment: DONE used once
Reset_Handler 00000000

Symbol: Reset_Handler
   Definitions
      At line 14 in file Q1ARM.s
   Uses
      At line 7 in file Q1ARM.s
      At line 13 in file Q1ARM.s

SECOND 0000001E

Symbol: SECOND
   Definitions
      At line 33 in file Q1ARM.s
   Uses
      At line 30 in file Q1ARM.s
Comment: SECOND used once
STOP 0000003E




ARM Macro Assembler    Page 2 Alphabetic symbol ordering
Relocatable symbols

Symbol: STOP
   Definitions
      At line 56 in file Q1ARM.s
   Uses
      At line 57 in file Q1ARM.s
Comment: STOP used once
mycode 00000000

Symbol: mycode
   Definitions
      At line 11 in file Q1ARM.s
   Uses
      None
Comment: mycode unused
9 symbols



ARM Macro Assembler    Page 1 Alphabetic symbol ordering
Relocatable symbols

RESULT 00000000

Symbol: RESULT
   Definitions
      At line 60 in file Q1ARM.s
   Uses
      At line 18 in file Q1ARM.s
Comment: RESULT used once
mydata 00000000

Symbol: mydata
   Definitions
      At line 59 in file Q1ARM.s
   Uses
      None
Comment: mydata unused
2 symbols



ARM Macro Assembler    Page 1 Alphabetic symbol ordering
Relocatable symbols

NUM1 00000000

Symbol: NUM1
   Definitions
      At line 64 in file Q1ARM.s
   Uses
      At line 16 in file Q1ARM.s
Comment: NUM1 used once
constdata 00000000

Symbol: constdata
   Definitions
      At line 63 in file Q1ARM.s
   Uses
      None
Comment: constdata unused
2 symbols
348 symbols in table
