


ARM Macro Assembler    Page 1 


    1 00000000         ;NOTE: THIS SOLUTION IS FOR PACKED ASCII CONVERSION
    2 00000000                 AREA             RESET, DATA, READONLY
    3 00000000                 EXPORT           __Vectors
    4 00000000         
    5 00000000         __Vectors
    6 00000000 10001000        DCD              0x10001000  ; stack pointer val
                                                            ue when stack is em
                                                            pty
    7 00000004 00000000        DCD              Reset_Handler ; reset vector
    8 00000008         
    9 00000008                 ALIGN
   10 00000008         
   11 00000008                 AREA             mycode, CODE, READONLY
   12 00000000                 ENTRY
   13 00000000                 EXPORT           Reset_Handler
   14 00000000         Reset_Handler
   15 00000000 4F12            LDR              R7, =NUM1
   16 00000002 6838            LDR              R0, [R7]
   17 00000004 F8DF 8048       LDR              R8, =RESULT
   18 00000008         
   19 00000008         ;extract lower byte:
   20 00000008 F04F 010F       MOV              R1, #0x0F
   21 0000000C         
   22 0000000C EA01 0100       AND              R1, R1, R0
   23 00000010         
   24 00000010         
   25 00000010         ;extract upper byte
   26 00000010 F04F 02F0       MOV              R2, #0xF0
   27 00000014         
   28 00000014 EA02 0200       AND              R2, R2, R0
   29 00000018         
   30 00000018 EA4F 1212       LSR              R2, R2, #4
   31 0000001C         
   32 0000001C         ;ADD 30 to lower byte if its between 0 to 9, otherwise a
                       dd 37
   33 0000001C         
   34 0000001C 2909            CMP              R1, #9
   35 0000001E         
   36 0000001E DC00            BGT              ADD_37_lower
   37 00000020 E002            B                ADD_30_lower
   38 00000022         
   39 00000022         ADD_37_lower
   40 00000022 F101 0137       ADD              R1, R1, #0x37
   41 00000026 E001            B                lower_done
   42 00000028         ADD_30_lower
   43 00000028 F101 0130       ADD              R1, R1, #0x30
   44 0000002C         lower_done
   45 0000002C         
   46 0000002C         ;ADD 30 to upper byte if its between 0 to 9, otherwise a
                       dd 37
   47 0000002C         
   48 0000002C 2A09            CMP              R2, #9
   49 0000002E         
   50 0000002E DC00            BGT              ADD_37_upper
   51 00000030 E002            B                ADD_30_upper
   52 00000032         
   53 00000032         ADD_37_upper
   54 00000032 F102 0237       ADD              R2, R2, #0x37
   55 00000036 E001            B                upper_done



ARM Macro Assembler    Page 2 


   56 00000038         ADD_30_upper
   57 00000038 F102 0230       ADD              R2, R2, #0x30
   58 0000003C         upper_done
   59 0000003C         
   60 0000003C EA4F 2202       LSL              R2,R2,#8
   61 00000040         
   62 00000040         ;final answer:
   63 00000040         
   64 00000040 EA41 0302       ORR              R3, R1, R2
   65 00000044         
   66 00000044 F8C8 3000       STR              R3, [R8]
   67 00000048         
   68 00000048         STOP
   69 00000048 E7FE            B                STOP
   70 0000004A         
   71 0000004A 00 00 00000000 
              00000000         AREA             mydata, DATA, READWRITE
   72 00000000         RESULT
   73 00000000         
   74 00000000 00 00 00 
              00               SPACE            4
   75 00000004         
   76 00000004                 AREA             constdata, DATA, READONLY
   77 00000000 00000021 
                       NUM1    DCD              0x21
   78 00000004         
   79 00000004                 END
Command Line: --debug --xref --cpu=Cortex-M3 --apcs=interwork --depend=.\q1arm.
d -o.\q1arm.o -IC:\Keil\ARM\RV31\INC -IC:\Keil\ARM\CMSIS\Include -IC:\Keil\ARM\
Inc\NXP\LPC17xx --predefine="__EVAL SETA 1" --list=.\q1arm.lst Q1ARM.s



ARM Macro Assembler    Page 1 Alphabetic symbol ordering
Relocatable symbols

RESET 00000000

Symbol: RESET
   Definitions
      At line 2 in file Q1ARM.s
   Uses
      None
Comment: RESET unused
__Vectors 00000000

Symbol: __Vectors
   Definitions
      At line 5 in file Q1ARM.s
   Uses
      At line 3 in file Q1ARM.s
Comment: __Vectors used once
2 symbols



ARM Macro Assembler    Page 1 Alphabetic symbol ordering
Relocatable symbols

ADD_30_lower 00000028

Symbol: ADD_30_lower
   Definitions
      At line 42 in file Q1ARM.s
   Uses
      At line 37 in file Q1ARM.s
Comment: ADD_30_lower used once
ADD_30_upper 00000038

Symbol: ADD_30_upper
   Definitions
      At line 56 in file Q1ARM.s
   Uses
      At line 51 in file Q1ARM.s
Comment: ADD_30_upper used once
ADD_37_lower 00000022

Symbol: ADD_37_lower
   Definitions
      At line 39 in file Q1ARM.s
   Uses
      At line 36 in file Q1ARM.s
Comment: ADD_37_lower used once
ADD_37_upper 00000032

Symbol: ADD_37_upper
   Definitions
      At line 53 in file Q1ARM.s
   Uses
      At line 50 in file Q1ARM.s
Comment: ADD_37_upper used once
Reset_Handler 00000000

Symbol: Reset_Handler
   Definitions
      At line 14 in file Q1ARM.s
   Uses
      At line 7 in file Q1ARM.s
      At line 13 in file Q1ARM.s

STOP 00000048

Symbol: STOP
   Definitions
      At line 68 in file Q1ARM.s
   Uses
      At line 69 in file Q1ARM.s
Comment: STOP used once
lower_done 0000002C

Symbol: lower_done
   Definitions
      At line 44 in file Q1ARM.s
   Uses
      At line 41 in file Q1ARM.s
Comment: lower_done used once
mycode 00000000




ARM Macro Assembler    Page 2 Alphabetic symbol ordering
Relocatable symbols

Symbol: mycode
   Definitions
      At line 11 in file Q1ARM.s
   Uses
      None
Comment: mycode unused
upper_done 0000003C

Symbol: upper_done
   Definitions
      At line 58 in file Q1ARM.s
   Uses
      At line 55 in file Q1ARM.s
Comment: upper_done used once
9 symbols



ARM Macro Assembler    Page 1 Alphabetic symbol ordering
Relocatable symbols

RESULT 00000000

Symbol: RESULT
   Definitions
      At line 72 in file Q1ARM.s
   Uses
      At line 17 in file Q1ARM.s
Comment: RESULT used once
mydata 00000000

Symbol: mydata
   Definitions
      At line 71 in file Q1ARM.s
   Uses
      None
Comment: mydata unused
2 symbols



ARM Macro Assembler    Page 1 Alphabetic symbol ordering
Relocatable symbols

NUM1 00000000

Symbol: NUM1
   Definitions
      At line 77 in file Q1ARM.s
   Uses
      At line 15 in file Q1ARM.s
Comment: NUM1 used once
constdata 00000000

Symbol: constdata
   Definitions
      At line 76 in file Q1ARM.s
   Uses
      None
Comment: constdata unused
2 symbols
348 symbols in table
