ARM Linker, 5.03 [Build 76] [MDK-ARM Lite]

==============================================================================

Section Cross References

    q1arm.o(RESET) refers to q1arm.o(mycode) for Reset_Handler
    q1arm.o(mycode) refers to q1arm.o(mycode2) for SRC
    q1arm.o(mycode) refers to q1arm.o(DATASEG) for DST


==============================================================================

Image Symbol Table

    Local Symbols

    Symbol Name                              Value     Ov Type        Size  Object(Section)

    RESET                                    0x00000000   Section        8  q1arm.o(RESET)
    Q1ARM.s                                  0x00000000   Number         0  q1arm.o ABSOLUTE
    mycode                                   0x00000008   Section       20  q1arm.o(mycode)
    mycode2                                  0x0000001c   Section        2  q1arm.o(mycode2)
    SRC                                      0x0000001c   Data           2  q1arm.o(mycode2)
    DATASEG                                  0x10000000   Section        2  q1arm.o(DATASEG)
    DST                                      0x10000000   Data           2  q1arm.o(DATASEG)

    Global Symbols

    Symbol Name                              Value     Ov Type        Size  Object(Section)

    BuildAttributes$$THM_ISAv4$P$D$K$B$S$PE$A:L22UL41UL21$X:L11$S22US41US21$IEEE1$IW$USESV6$~STKCKD$USESV7$~SHL$OSPACE$EBA8$STANDARDLIB$PRES8$EABIv2 0x00000000   Number         0  anon$$obj.o ABSOLUTE
    __Vectors                                0x00000000   Data           0  q1arm.o(RESET)
    Reset_Handler                            0x00000009   Thumb Code     0  q1arm.o(mycode)



==============================================================================

Memory Map of the image

  Image Entry point : 0x00000009

  Load Region LR_1 (Base: 0x00000000, Size: 0x00000024, Max: 0xffffffff, ABSOLUTE)

    Execution Region ER_RO (Base: 0x00000000, Size: 0x00000020, Max: 0xffffffff, ABSOLUTE)

    Base Addr    Size         Type   Attr      Idx    E Section Name        Object

    0x00000000   0x00000008   Data   RO            1    RESET               q1arm.o
    0x00000008   0x00000014   Code   RO            2  * mycode              q1arm.o
    0x0000001c   0x00000002   Code   RO            4    mycode2             q1arm.o


    Execution Region ER_RW (Base: 0x10000000, Size: 0x00000004, Max: 0xffffffff, ABSOLUTE)

    Base Addr    Size         Type   Attr      Idx    E Section Name        Object

    0x10000000   0x00000002   Data   RW            3    DATASEG             q1arm.o


    Execution Region ER_ZI (Base: 0x10000004, Size: 0x00000000, Max: 0xffffffff, ABSOLUTE)

    **** No section assigned to this execution region ****


==============================================================================

Image component sizes


      Code (inc. data)   RO Data    RW Data    ZI Data      Debug   Object Name

        22         12          8          2          0        412   q1arm.o

    ----------------------------------------------------------------------
        24         14          8          4          0        412   Object Totals
         0          0          0          0          0          0   (incl. Generated)
         2          2          0          2          0          0   (incl. Padding)

    ----------------------------------------------------------------------
         0          0          0          0          0          0   Library Totals
         0          0          0          0          0          0   (incl. Padding)

    ----------------------------------------------------------------------

==============================================================================


      Code (inc. data)   RO Data    RW Data    ZI Data      Debug   

        24         14          8          4          0        412   Grand Totals
        24         14          8          4          0        412   ELF Image Totals
        24         14          8          4          0          0   ROM Totals

==============================================================================

    Total RO  Size (Code + RO Data)                   32 (   0.03kB)
    Total RW  Size (RW Data + ZI Data)                 4 (   0.00kB)
    Total ROM Size (Code + RO Data + RW Data)         36 (   0.04kB)

==============================================================================

