


ARM Macro Assembler    Page 1 


    1 00000000                 AREA             RESET, DATA, READONLY
    2 00000000                 EXPORT           __Vectors
    3 00000000         
    4 00000000         __Vectors
    5 00000000 10001000        DCD              0x10001000
    6 00000004 00000000        DCD              Reset_Handler
    7 00000008         
    8 00000008                 ALIGN
    9 00000008         
   10 00000008                 AREA             mycode, CODE, READONLY
   11 00000000                 ENTRY
   12 00000000                 EXPORT           Reset_Handler
   13 00000000         
   14 00000000         Reset_Handler
   15 00000000         
   16 00000000 4809            LDR              R0, =ARRAY  ;array
   17 00000002 F04F 010E       MOV              R1, #14     ;target
   18 00000006 F04F 0200       MOV              R2, #0      ;i
   19 0000000A F04F 030A       MOV              R3, #10     ;N
   20 0000000E         
   21 0000000E         LOOP
   22 0000000E 429A            CMP              R2, R3      ;i >= N?
   23 00000010 DA06            BGE              NOT_FOUND
   24 00000012         
   25 00000012 F850 4022       LDR              R4, [R0, R2, LSL#2] 
                                                            ;R4 = arr[i]
   26 00000016         
   27 00000016 428C            CMP              R4, R1
   28 00000018         
   29 00000018 D005            BEQ              FOUND
   30 0000001A         
   31 0000001A F102 0201       ADD              R2, R2, #1
   32 0000001E         
   33 0000001E E7F6            B                LOOP
   34 00000020         
   35 00000020         NOT_FOUND
   36 00000020 F04F 32FF       MOV              R2, #-1
   37 00000024 E7FC            B                NOT_FOUND
   38 00000026         
   39 00000026         FOUND
   40 00000026 E7FE            B                FOUND
   41 00000028         
   42 00000028 00000000        AREA             mydata, DATA, READWRITE
   43 00000000         RESULT
   44 00000000 00 00 00 
              00 00 00 
              00 00 00 
              00 00 00 
              00 00 00 
              00 00 00 
              00 00 00 
              00 00 00 
              00 00 00 
              00 00 00 
              00 00 00 
              00 00 00 
              00 00 00 
              00               SPACE            40
   45 00000028         



ARM Macro Assembler    Page 2 


   46 00000028                 AREA             constdata, DATA, READONLY
   47 00000000         ARRAY
   48 00000000 00000001 
              00000002 
              00000003 
              00000004 
              00000005 
              00000006 
              00000007 
              00000008 
              00000009 
              0000000A         DCD              1,2,3,4,5,6,7,8,9,10
   49 00000028         
   50 00000028                 END
Command Line: --debug --xref --cpu=Cortex-M3 --apcs=interwork --depend=.\q3arm.
d -o.\q3arm.o -IC:\Keil\ARM\RV31\INC -IC:\Keil\ARM\CMSIS\Include -IC:\Keil\ARM\
Inc\NXP\LPC17xx --predefine="__EVAL SETA 1" --list=.\q3arm.lst Q3ARM.s



ARM Macro Assembler    Page 1 Alphabetic symbol ordering
Relocatable symbols

RESET 00000000

Symbol: RESET
   Definitions
      At line 1 in file Q3ARM.s
   Uses
      None
Comment: RESET unused
__Vectors 00000000

Symbol: __Vectors
   Definitions
      At line 4 in file Q3ARM.s
   Uses
      At line 2 in file Q3ARM.s
Comment: __Vectors used once
2 symbols



ARM Macro Assembler    Page 1 Alphabetic symbol ordering
Relocatable symbols

FOUND 00000026

Symbol: FOUND
   Definitions
      At line 39 in file Q3ARM.s
   Uses
      At line 29 in file Q3ARM.s
      At line 40 in file Q3ARM.s

LOOP 0000000E

Symbol: LOOP
   Definitions
      At line 21 in file Q3ARM.s
   Uses
      At line 33 in file Q3ARM.s
Comment: LOOP used once
NOT_FOUND 00000020

Symbol: NOT_FOUND
   Definitions
      At line 35 in file Q3ARM.s
   Uses
      At line 23 in file Q3ARM.s
      At line 37 in file Q3ARM.s

Reset_Handler 00000000

Symbol: Reset_Handler
   Definitions
      At line 14 in file Q3ARM.s
   Uses
      At line 6 in file Q3ARM.s
      At line 12 in file Q3ARM.s

mycode 00000000

Symbol: mycode
   Definitions
      At line 10 in file Q3ARM.s
   Uses
      None
Comment: mycode unused
5 symbols



ARM Macro Assembler    Page 1 Alphabetic symbol ordering
Relocatable symbols

RESULT 00000000

Symbol: RESULT
   Definitions
      At line 43 in file Q3ARM.s
   Uses
      None
Comment: RESULT unused
mydata 00000000

Symbol: mydata
   Definitions
      At line 42 in file Q3ARM.s
   Uses
      None
Comment: mydata unused
2 symbols



ARM Macro Assembler    Page 1 Alphabetic symbol ordering
Relocatable symbols

ARRAY 00000000

Symbol: ARRAY
   Definitions
      At line 47 in file Q3ARM.s
   Uses
      At line 16 in file Q3ARM.s
Comment: ARRAY used once
constdata 00000000

Symbol: constdata
   Definitions
      At line 46 in file Q3ARM.s
   Uses
      None
Comment: constdata unused
2 symbols
344 symbols in table
