


ARM Macro Assembler    Page 1 


    1 00000000                 AREA             RESET, DATA, READONLY
    2 00000000                 EXPORT           __Vectors
    3 00000000         
    4 00000000         __Vectors
    5 00000000 10001000        DCD              0x10001000  ; Initial stack poi
                                                            nter
    6 00000004 00000000        DCD              Reset_Handler ; Reset vector
    7 00000008         
    8 00000008                 ALIGN
    9 00000008         
   10 00000008                 AREA             mycode, CODE, READONLY
   11 00000000                 ENTRY
   12 00000000                 EXPORT           Reset_Handler
   13 00000000         
   14 00000000         Reset_Handler
   15 00000000         
   16 00000000 4817            LDR              R0,=ARRAY
   17 00000002 F04F 010A       MOV              R1, #10     ; N = 10
   18 00000006 F04F 0201       MOV              R2, #1      ; i = 1
   19 0000000A F04F 080A       MOV              R8, #10     ;temp = 10
   20 0000000E F04F 0900       MOV              R9, #0      ;offset = 0
   21 00000012 F8DF A050       LDR              R10, =RESULT
   22 00000016         COPY_LOOP
   23 00000016 F850 B009       LDR              R11,[R0, R9]
   24 0000001A F84A B009       STR              R11,[R10,R9]
   25 0000001E F109 0904       ADD              R9, R9, #4
   26 00000022 F1B8 0801       SUBS             R8, R8, #1
   27 00000026 D1F6            BNE              COPY_LOOP
   28 00000028         
   29 00000028 480E            LDR              R0,=RESULT
   30 0000002A         OUTER
   31 0000002A 428A            CMP              R2, R1      ; i>= N?
   32 0000002C DA17            BGE              DONE
   33 0000002E         
   34 0000002E F850 3022       LDR              R3, [R0, R2, LSL#2] ; R3 = arr[
                                                            i], i.e. key = arr[
                                                            i]
   35 00000032 F1A2 0401       SUB              R4, R2, #1  ;j = i - 1
   36 00000036         INNER
   37 00000036 2C00            CMP              R4, #0      ; j < 0
   38 00000038         
   39 00000038 DB0A            BLT              ASSIGN      ;if yes then go to 
                                                            assign
   40 0000003A         
   41 0000003A F850 5024       LDR              R5, [R0, R4, LSL#2] 
                                                            ;R5 = arr[j]
   42 0000003E         
   43 0000003E 429D            CMP              R5, R3      ;arr[j] <=  key?
   44 00000040         
   45 00000040 DD06            BLE              ASSIGN      ;if yes
   46 00000042         
   47 00000042 F104 0601       ADD              R6, R4, #1  ;R6 = j + 1
   48 00000046         
   49 00000046 F840 5026       STR              R5, [R0, R6, LSL#2] 
                                                            ;arr[j+1] = arr[j]
   50 0000004A         
   51 0000004A F1A4 0401       SUB              R4, R4, #1  ;j = j - 1
   52 0000004E         
   53 0000004E E7F2            B                INNER



ARM Macro Assembler    Page 2 


   54 00000050         
   55 00000050         ASSIGN
   56 00000050 F104 0701       ADD              R7, R4, #1
   57 00000054 F840 3027       STR              R3, [R0, R7, LSL#2] 
                                                            ;arr[j+1] = key
   58 00000058         
   59 00000058 F102 0201       ADD              R2, R2, #1
   60 0000005C         
   61 0000005C E7E5            B                OUTER
   62 0000005E         
   63 0000005E         DONE
   64 0000005E E7FE            B                DONE
   65 00000060         
   66 00000060         
   67 00000060 00000000 
              00000000 
              00000000         AREA             mydata, DATA, READWRITE
   68 00000000         RESULT
   69 00000000 00 00 00 
              00 00 00 
              00 00 00 
              00 00 00 
              00 00 00 
              00 00 00 
              00 00 00 
              00 00 00 
              00 00 00 
              00 00 00 
              00 00 00 
              00 00 00 
              00 00 00 
              00               SPACE            40
   70 00000028         
   71 00000028                 AREA             constdata, DATA, READONLY
   72 00000000         ARRAY
   73 00000000 00000004 
              00000005 
              00000002 
              00000003 
              00000001 
              00000009 
              00000008 
              00000006 
              00000007 
              0000000A         DCD              4,5,2,3,1,9,8,6,7,10
   74 00000028         
   75 00000028                 END
Command Line: --debug --xref --cpu=Cortex-M3 --apcs=interwork --depend=.\insert
ion_sort_arm.d -o.\insertion_sort_arm.o -IC:\Keil\ARM\RV31\INC -IC:\Keil\ARM\CM
SIS\Include -IC:\Keil\ARM\Inc\NXP\LPC17xx --predefine="__EVAL SETA 1" --list=.\
insertion_sort_arm.lst insertion_sort_ARM.s



ARM Macro Assembler    Page 1 Alphabetic symbol ordering
Relocatable symbols

RESET 00000000

Symbol: RESET
   Definitions
      At line 1 in file insertion_sort_ARM.s
   Uses
      None
Comment: RESET unused
__Vectors 00000000

Symbol: __Vectors
   Definitions
      At line 4 in file insertion_sort_ARM.s
   Uses
      At line 2 in file insertion_sort_ARM.s
Comment: __Vectors used once
2 symbols



ARM Macro Assembler    Page 1 Alphabetic symbol ordering
Relocatable symbols

ASSIGN 00000050

Symbol: ASSIGN
   Definitions
      At line 55 in file insertion_sort_ARM.s
   Uses
      At line 39 in file insertion_sort_ARM.s
      At line 45 in file insertion_sort_ARM.s

COPY_LOOP 00000016

Symbol: COPY_LOOP
   Definitions
      At line 22 in file insertion_sort_ARM.s
   Uses
      At line 27 in file insertion_sort_ARM.s
Comment: COPY_LOOP used once
DONE 0000005E

Symbol: DONE
   Definitions
      At line 63 in file insertion_sort_ARM.s
   Uses
      At line 32 in file insertion_sort_ARM.s
      At line 64 in file insertion_sort_ARM.s

INNER 00000036

Symbol: INNER
   Definitions
      At line 36 in file insertion_sort_ARM.s
   Uses
      At line 53 in file insertion_sort_ARM.s
Comment: INNER used once
OUTER 0000002A

Symbol: OUTER
   Definitions
      At line 30 in file insertion_sort_ARM.s
   Uses
      At line 61 in file insertion_sort_ARM.s
Comment: OUTER used once
Reset_Handler 00000000

Symbol: Reset_Handler
   Definitions
      At line 14 in file insertion_sort_ARM.s
   Uses
      At line 6 in file insertion_sort_ARM.s
      At line 12 in file insertion_sort_ARM.s

mycode 00000000

Symbol: mycode
   Definitions
      At line 10 in file insertion_sort_ARM.s
   Uses
      None
Comment: mycode unused



ARM Macro Assembler    Page 2 Alphabetic symbol ordering
Relocatable symbols

7 symbols



ARM Macro Assembler    Page 1 Alphabetic symbol ordering
Relocatable symbols

RESULT 00000000

Symbol: RESULT
   Definitions
      At line 68 in file insertion_sort_ARM.s
   Uses
      At line 21 in file insertion_sort_ARM.s
      At line 29 in file insertion_sort_ARM.s

mydata 00000000

Symbol: mydata
   Definitions
      At line 67 in file insertion_sort_ARM.s
   Uses
      None
Comment: mydata unused
2 symbols



ARM Macro Assembler    Page 1 Alphabetic symbol ordering
Relocatable symbols

ARRAY 00000000

Symbol: ARRAY
   Definitions
      At line 72 in file insertion_sort_ARM.s
   Uses
      At line 16 in file insertion_sort_ARM.s
Comment: ARRAY used once
constdata 00000000

Symbol: constdata
   Definitions
      At line 71 in file insertion_sort_ARM.s
   Uses
      None
Comment: constdata unused
2 symbols
346 symbols in table
