<html>
<body>
<pre>
<h1>µVision Build Log</h1>
<h2>Project:</h2>
C:\Users\abhij\Documents\ESD-LAB\ES-Lab\Lab2\Exercise\Q2\Q2.uvproj
Project File Date:  08/29/2026

<h2>Output:</h2>
Build target 'Target 1'
assembling Q2ARM.s...
linking...
Program Size: Code=80 RO-data=40 RW-data=20 ZI-data=0  
".\Q2.axf" - 0 Error(s), 0 Warning(s).
arning(s).
Target not created
r Macro
Q2ARM.s(31): error: A1163E: Unknown opcode A , expecting opcode or Macro
Q2ARM.s(32): error: A1154E: Unexpected operand, operator expected
Q2ARM.s(33): error: A1163E: Unknown opcode S0 , expecting opcode or Macro
Q2ARM.s(34): error: A1163E: Unknown opcode S1 , expecting opcode or Macro
Q2ARM.s(35): error: A1163E: Unknown opcode S2 , expecting opcode or Macro
Q2ARM.s(36): error: A1163E: Unknown opcode S3 , expecting opcode or Macro
Q2ARM.s(37): error: A1163E: Unknown opcode S4 , expecting opcode or Macro
Q2ARM.s(38): error: A1163E: Unknown opcode RES , expecting opcode or Macro
Q2ARM.s(41): error: A1647E: Bad register name symbol, expected Integer register
Q2ARM.s(42): error: A1647E: Bad register name symbol, expected Integer register
Q2ARM.s(44): error: A1647E: Bad register name symbol, expected Integer register
Q2ARM.s(47): error: A1647E: Bad register name symbol, expected Integer register
Q2ARM.s(48): error: A1647E: Bad register name symbol, expected Integer register
Q2ARM.s(49): error: A1647E: Bad register name symbol, expected Integer register
Q2ARM.s(52): error: A1647E: Bad register name symbol, expected Integer register
Q2ARM.s(53): error: A1647E: Bad register name symbol, expected Integer register
Q2ARM.s(54): error: A1647E: Bad register name symbol, expected Integer register
Q2ARM.s(57): error: A1647E: Bad register name symbol, expected Integer register
Q2ARM.s(58): error: A1647E: Bad register name symbol, expected Integer register
Q2ARM.s(59): error: A1647E: Bad register name symbol, expected Integer register
Q2ARM.s(62): error: A1647E: Bad register name symbol, expected Integer register
Q2ARM.s(63): error: A1647E: Bad register name symbol, expected Integer register
Q2ARM.s(64): error: A1647E: Bad register name symbol, expected Integer register
Q2ARM.s(66): error: A1647E: Bad register name symbol, expected Integer register
Q2ARM.s(68): error: A1647E: Bad register name symbol, expected Integer register
Q2ARM.s(69): error: A1647E: Bad register name symbol, expected Integer register
Q2ARM.s(70): error: A1647E: Bad register name symbol, expected Integer register
Q2ARM.s(71): error: A1647E: Bad register name symbol, expected Integer register
Q2ARM.s(72): error: A1647E: Bad register name symbol, expected Integer register
".\Q2.axf" - 31 Error(s), 0 Warning(s).
Target not created
created
