


ARM Macro Assembler    Page 1 


    1 00000000                 AREA             RESET, DATA, READONLY
    2 00000000                 EXPORT           __Vectors
    3 00000000         
    4 00000000         __Vectors
    5 00000000 10001000        DCD              0x10001000
    6 00000004 00000000        DCD              Reset_Handler
    7 00000008         
    8 00000008                 ALIGN
    9 00000008         
   10 00000008                 AREA             mycode, CODE, READONLY
   11 00000000                 ENTRY
   12 00000000                 EXPORT           Reset_Handler
   13 00000000         
   14 00000000         Reset_Handler
   15 00000000         ;A = A3 + A2 + A1 + A0
   16 00000000         ;B = B3 + B2 + B1 + B0
   17 00000000         ;each of 32 bits
   18 00000000         
   19 00000000         ;S0 = A0 + B0
   20 00000000         ;S1 = A1 + B1 + C0
   21 00000000         ;S2 = A2 + B2 + C1
   22 00000000         ;S3 = A3 + B3 + C2
   23 00000000         ;S4 = C3
   24 00000000         
   25 00000000         
   26 00000000 4810            LDR              R0, =NUM1
   27 00000002 4911            LDR              R1, =NUM2
   28 00000004 F8DF 9044       LDR              R9, =RESULT
   29 00000008 F04F 0800       MOV              R8, #0
   30 0000000C         
   31 0000000C         ;S0 = A0 + B0
   32 0000000C 6802            LDR              R2, [R0, #0]
   33 0000000E 680B            LDR              R3, [R1, #0]
   34 00000010 18D4            ADDS             R4, R2, R3
   35 00000012         
   36 00000012         ;S1 = A1 + B1 + C0
   37 00000012 6842            LDR              R2, [R0, #4]
   38 00000014 684B            LDR              R3, [R1, #4]
   39 00000016 EB52 0503       ADCS             R5, R2, R3
   40 0000001A         
   41 0000001A         ;S2 = A2 + B2 + C1
   42 0000001A 6882            LDR              R2, [R0, #8]
   43 0000001C 688B            LDR              R3, [R1, #8]
   44 0000001E EB52 0603       ADCS             R6, R2, R3
   45 00000022         
   46 00000022         ;S2 = A3 + B3 + C2
   47 00000022 68C2            LDR              R2, [R0, #12]
   48 00000024 68CB            LDR              R3, [R1, #12]
   49 00000026 EB52 0703       ADCS             R7, R2, R3
   50 0000002A         
   51 0000002A F148 0800       ADC              R8, R8, #0  ;final carry
   52 0000002E         
   53 0000002E F8C9 4000       STR              R4, [R9, #0]
   54 00000032 F8C9 5004       STR              R5, [R9, #4]
   55 00000036 F8C9 6008       STR              R6, [R9, #8]
   56 0000003A F8C9 700C       STR              R7, [R9, #12]
   57 0000003E F8C9 8010       STR              R8, [R9, #16]
   58 00000042         
   59 00000042         



ARM Macro Assembler    Page 2 


   60 00000042         STOP
   61 00000042 E7FE            B                STOP
   62 00000044         
   63 00000044         
   64 00000044         ; ======================================================
                       ===
   65 00000044         ; DATA
   66 00000044         ; ======================================================
                       ===
   67 00000044         
   68 00000044 00000000 
              00000000 
              00000000         AREA             mydata, DATA, READWRITE
   69 00000000         
   70 00000000         RESULT
   71 00000000 00 00 00 
              00 00 00 
              00 00 00 
              00 00 00 
              00 00 00 
              00 00 00 
              00 00            SPACE            20          ; 5 × 4 bytes
   72 00000014         
   73 00000014         
   74 00000014                 AREA             constdata, DATA, READONLY
   75 00000000         
   76 00000000         
   77 00000000         ; A = A3 A2 A1 A0
   78 00000000         NUM1
   79 00000000 FFFFFFFF        DCD              0xFFFFFFFF  ; A0
   80 00000004 FFFFFFFF        DCD              0xFFFFFFFF  ; A1
   81 00000008 FFFFFFFF        DCD              0xFFFFFFFF  ; A2
   82 0000000C FFFFFFFF        DCD              0xFFFFFFFF  ; A3
   83 00000010         
   84 00000010         
   85 00000010         ; B = B3 B2 B1 B0
   86 00000010         NUM2
   87 00000010 00000001        DCD              1           ; B0
   88 00000014 00000001        DCD              1           ; B1
   89 00000018 00000001        DCD              1           ; B2
   90 0000001C 00000001        DCD              1           ; B3
   91 00000020         
   92 00000020         
   93 00000020                 END
Command Line: --debug --xref --cpu=Cortex-M3 --apcs=interwork --depend=.\q2arm.
d -o.\q2arm.o -IC:\Keil\ARM\RV31\INC -IC:\Keil\ARM\CMSIS\Include -IC:\Keil\ARM\
Inc\NXP\LPC17xx --predefine="__EVAL SETA 1" --list=.\q2arm.lst Q2ARM.s



ARM Macro Assembler    Page 1 Alphabetic symbol ordering
Relocatable symbols

RESET 00000000

Symbol: RESET
   Definitions
      At line 1 in file Q2ARM.s
   Uses
      None
Comment: RESET unused
__Vectors 00000000

Symbol: __Vectors
   Definitions
      At line 4 in file Q2ARM.s
   Uses
      At line 2 in file Q2ARM.s
Comment: __Vectors used once
2 symbols



ARM Macro Assembler    Page 1 Alphabetic symbol ordering
Relocatable symbols

Reset_Handler 00000000

Symbol: Reset_Handler
   Definitions
      At line 14 in file Q2ARM.s
   Uses
      At line 6 in file Q2ARM.s
      At line 12 in file Q2ARM.s

STOP 00000042

Symbol: STOP
   Definitions
      At line 60 in file Q2ARM.s
   Uses
      At line 61 in file Q2ARM.s
Comment: STOP used once
mycode 00000000

Symbol: mycode
   Definitions
      At line 10 in file Q2ARM.s
   Uses
      None
Comment: mycode unused
3 symbols



ARM Macro Assembler    Page 1 Alphabetic symbol ordering
Relocatable symbols

RESULT 00000000

Symbol: RESULT
   Definitions
      At line 70 in file Q2ARM.s
   Uses
      At line 28 in file Q2ARM.s
Comment: RESULT used once
mydata 00000000

Symbol: mydata
   Definitions
      At line 68 in file Q2ARM.s
   Uses
      None
Comment: mydata unused
2 symbols



ARM Macro Assembler    Page 1 Alphabetic symbol ordering
Relocatable symbols

NUM1 00000000

Symbol: NUM1
   Definitions
      At line 78 in file Q2ARM.s
   Uses
      At line 26 in file Q2ARM.s
Comment: NUM1 used once
NUM2 00000010

Symbol: NUM2
   Definitions
      At line 86 in file Q2ARM.s
   Uses
      At line 27 in file Q2ARM.s
Comment: NUM2 used once
constdata 00000000

Symbol: constdata
   Definitions
      At line 74 in file Q2ARM.s
   Uses
      None
Comment: constdata unused
3 symbols
343 symbols in table
