


ARM Macro Assembler    Page 1 


    1 00000000                 AREA             RESET, DATA, READONLY
    2 00000000                 EXPORT           __Vectors
    3 00000000         
    4 00000000         __Vectors
    5 00000000 10001000        DCD              0x10001000
    6 00000004 00000000        DCD              Reset_Handler
    7 00000008         
    8 00000008                 ALIGN
    9 00000008         
   10 00000008                 AREA             mycode, CODE, READONLY
   11 00000000                 ENTRY
   12 00000000                 EXPORT           Reset_Handler
   13 00000000         
   14 00000000         Reset_Handler
   15 00000000         
   16 00000000 4805            LDR              R0, =SRC
   17 00000002 4906            LDR              R1, =DST
   18 00000004 F04F 020A       MOV              R2, #10
   19 00000008         
   20 00000008         LOOP
   21 00000008 F850 3B04       LDR              R3, [R0], #4
   22 0000000C F841 3B04       STR              R3, [R1], #4
   23 00000010         
   24 00000010 1E52            SUBS             R2, R2, #1
   25 00000012 D1F9            BNE              LOOP
   26 00000014         
   27 00000014         STOP
   28 00000014 E7FE            B                STOP
   29 00000016         
   30 00000016         
   31 00000016         ; ===== DATA SECTION =====
   32 00000016         
   33 00000016 00 00 00000000 
              00000000         AREA             DATASEG, DATA, READWRITE
   34 00000000         
   35 00000000         ; Define variables here
   36 00000000         ; Example:
   37 00000000         ; DST     DCW     0
   38 00000000         
   39 00000000 00 00 00 
              00 00 00 
              00 00 00 
              00 00 00 
              00 00 00 
              00 00 00 
              00 00 00 
              00 00 00 
              00 00 00 
              00 00 00 
              00 00 00 
              00 00 00 
              00 00 00 
              00       DST     SPACE            40
   40 00000028         
   41 00000028         ; ===== CONSTANT / SOURCE DATA =====
   42 00000028         
   43 00000028                 AREA             mycode2, CODE, READONLY
   44 00000000         
   45 00000000         ; Define constants here



ARM Macro Assembler    Page 2 


   46 00000000         ; Example:
   47 00000000         ; SRC     DCW     0x1234
   48 00000000         
   49 00000000 00000001 
              00000002 
              00000003 
              00000004 
              00000005 
              00000006 
              00000007 
              00000008 
              00000009 
              0000000A SRC     DCD              0x00000001, 0x00000002, 0x00000
003, 0x00000004, 0x00000005, 0x00000006, 0x00000007, 0x00000008, 0x00000009, 0x
0000000A
   50 00000028         
   51 00000028                 END
Command Line: --debug --xref --cpu=Cortex-M3 --apcs=interwork --depend=.\q1arm.
d -o.\q1arm.o -IC:\Keil\ARM\RV31\INC -IC:\Keil\ARM\CMSIS\Include -IC:\Keil\ARM\
Inc\NXP\LPC17xx --predefine="__EVAL SETA 1" --list=.\q1arm.lst Q1ARM.s



ARM Macro Assembler    Page 1 Alphabetic symbol ordering
Relocatable symbols

RESET 00000000

Symbol: RESET
   Definitions
      At line 1 in file Q1ARM.s
   Uses
      None
Comment: RESET unused
__Vectors 00000000

Symbol: __Vectors
   Definitions
      At line 4 in file Q1ARM.s
   Uses
      At line 2 in file Q1ARM.s
Comment: __Vectors used once
2 symbols



ARM Macro Assembler    Page 1 Alphabetic symbol ordering
Relocatable symbols

LOOP 00000008

Symbol: LOOP
   Definitions
      At line 20 in file Q1ARM.s
   Uses
      At line 25 in file Q1ARM.s
Comment: LOOP used once
Reset_Handler 00000000

Symbol: Reset_Handler
   Definitions
      At line 14 in file Q1ARM.s
   Uses
      At line 6 in file Q1ARM.s
      At line 12 in file Q1ARM.s

STOP 00000014

Symbol: STOP
   Definitions
      At line 27 in file Q1ARM.s
   Uses
      At line 28 in file Q1ARM.s
Comment: STOP used once
mycode 00000000

Symbol: mycode
   Definitions
      At line 10 in file Q1ARM.s
   Uses
      None
Comment: mycode unused
4 symbols



ARM Macro Assembler    Page 1 Alphabetic symbol ordering
Relocatable symbols

DATASEG 00000000

Symbol: DATASEG
   Definitions
      At line 33 in file Q1ARM.s
   Uses
      None
Comment: DATASEG unused
DST 00000000

Symbol: DST
   Definitions
      At line 39 in file Q1ARM.s
   Uses
      At line 17 in file Q1ARM.s
Comment: DST used once
2 symbols



ARM Macro Assembler    Page 1 Alphabetic symbol ordering
Relocatable symbols

SRC 00000000

Symbol: SRC
   Definitions
      At line 49 in file Q1ARM.s
   Uses
      At line 16 in file Q1ARM.s
Comment: SRC used once
mycode2 00000000

Symbol: mycode2
   Definitions
      At line 43 in file Q1ARM.s
   Uses
      None
Comment: mycode2 unused
2 symbols
343 symbols in table
