


ARM Macro Assembler    Page 1 


    1 00000000                 AREA             RESET, DATA, READONLY
    2 00000000                 EXPORT           __Vectors
    3 00000000         
    4 00000000         __Vectors
    5 00000000 10001000        DCD              0x10001000
    6 00000004 00000000        DCD              Reset_Handler
    7 00000008         
    8 00000008                 ALIGN
    9 00000008         
   10 00000008                 AREA             mycode, CODE, READONLY
   11 00000000                 ENTRY
   12 00000000                 EXPORT           Reset_Handler
   13 00000000         
   14 00000000         Reset_Handler
   15 00000000         
   16 00000000 4809            LDR              R0, =NUM1
   17 00000002 490A            LDR              R1, =NUM2
   18 00000004 4F0A            LDR              R7, =RESULT
   19 00000006 6802            LDR              R2, [R0]    ;A
   20 00000008 680B            LDR              R3, [R1]    ;B
   21 0000000A         
   22 0000000A 2B00            CMP              R3, #0
   23 0000000C D00A            BEQ              STOP        ;avoid dividing if 
                                                            B == 0
   24 0000000E         LOOP
   25 0000000E FBB2 F4F3       UDIV             R4, R2, R3  ; X = A/B
   26 00000012 FB04 F503       MUL              R5, R4, R3  ; Y = X * B
   27 00000016 EBA2 0605       SUB              R6, R2, R5  ; Z = A - Y
   28 0000001A         
   29 0000001A         
   30 0000001A 2E00            CMP              R6, #0      ; remainder == 0 ?
   31 0000001C D001            BEQ              DONE
   32 0000001E         
   33 0000001E 4412            ADD              R2, R2, R2  ; A = A + A
   34 00000020         
   35 00000020 E7F5            B                LOOP
   36 00000022         
   37 00000022         DONE
   38 00000022 603A            STR              R2, [R7]
   39 00000024         
   40 00000024         STOP
   41 00000024 E7FE            B                STOP
   42 00000026         
   43 00000026         
   44 00000026 00 00 00000000 
              00000000 
              00000000         AREA             mydata, DATA, READWRITE
   45 00000000         
   46 00000000 00 00 00 
              00       RESULT  SPACE            4
   47 00000004         
   48 00000004         
   49 00000004                 AREA             constdata, DATA, READONLY
   50 00000000         
   51 00000000 00000006 
                       NUM1    DCD              6
   52 00000004 00000004 
                       NUM2    DCD              4
   53 00000008         



ARM Macro Assembler    Page 2 


   54 00000008                 END
Command Line: --debug --xref --cpu=Cortex-M3 --apcs=interwork --depend=.\q4arm.
d -o.\q4arm.o -IC:\Keil\ARM\RV31\INC -IC:\Keil\ARM\CMSIS\Include -IC:\Keil\ARM\
Inc\NXP\LPC17xx --predefine="__EVAL SETA 1" --list=.\q4arm.lst Q4ARM.s



ARM Macro Assembler    Page 1 Alphabetic symbol ordering
Relocatable symbols

RESET 00000000

Symbol: RESET
   Definitions
      At line 1 in file Q4ARM.s
   Uses
      None
Comment: RESET unused
__Vectors 00000000

Symbol: __Vectors
   Definitions
      At line 4 in file Q4ARM.s
   Uses
      At line 2 in file Q4ARM.s
Comment: __Vectors used once
2 symbols



ARM Macro Assembler    Page 1 Alphabetic symbol ordering
Relocatable symbols

DONE 00000022

Symbol: DONE
   Definitions
      At line 37 in file Q4ARM.s
   Uses
      At line 31 in file Q4ARM.s
Comment: DONE used once
LOOP 0000000E

Symbol: LOOP
   Definitions
      At line 24 in file Q4ARM.s
   Uses
      At line 35 in file Q4ARM.s
Comment: LOOP used once
Reset_Handler 00000000

Symbol: Reset_Handler
   Definitions
      At line 14 in file Q4ARM.s
   Uses
      At line 6 in file Q4ARM.s
      At line 12 in file Q4ARM.s

STOP 00000024

Symbol: STOP
   Definitions
      At line 40 in file Q4ARM.s
   Uses
      At line 23 in file Q4ARM.s
      At line 41 in file Q4ARM.s

mycode 00000000

Symbol: mycode
   Definitions
      At line 10 in file Q4ARM.s
   Uses
      None
Comment: mycode unused
5 symbols



ARM Macro Assembler    Page 1 Alphabetic symbol ordering
Relocatable symbols

RESULT 00000000

Symbol: RESULT
   Definitions
      At line 46 in file Q4ARM.s
   Uses
      At line 18 in file Q4ARM.s
Comment: RESULT used once
mydata 00000000

Symbol: mydata
   Definitions
      At line 44 in file Q4ARM.s
   Uses
      None
Comment: mydata unused
2 symbols



ARM Macro Assembler    Page 1 Alphabetic symbol ordering
Relocatable symbols

NUM1 00000000

Symbol: NUM1
   Definitions
      At line 51 in file Q4ARM.s
   Uses
      At line 16 in file Q4ARM.s
Comment: NUM1 used once
NUM2 00000004

Symbol: NUM2
   Definitions
      At line 52 in file Q4ARM.s
   Uses
      At line 17 in file Q4ARM.s
Comment: NUM2 used once
constdata 00000000

Symbol: constdata
   Definitions
      At line 49 in file Q4ARM.s
   Uses
      None
Comment: constdata unused
3 symbols
345 symbols in table
