ARM Linker, 5.03 [Build 76] [MDK-ARM Lite]

==============================================================================

Section Cross References

    q2arm.o(RESET) refers to q2arm.o(mycode) for Reset_Handler
    q2arm.o(mycode) refers to q2arm.o(constdata) for ARRAY
    q2arm.o(mycode) refers to q2arm.o(mydata) for RESULT


==============================================================================

Image Symbol Table

    Local Symbols

    Symbol Name                              Value     Ov Type        Size  Object(Section)

    RESET                                    0x00000000   Section        8  q2arm.o(RESET)
    Q2ARM.s                                  0x00000000   Number         0  q2arm.o ABSOLUTE
    mycode                                   0x00000008   Section       44  q2arm.o(mycode)
    constdata                                0x00000034   Section       44  q2arm.o(constdata)
    ARRAY                                    0x00000034   Data           0  q2arm.o(constdata)
    N                                        0x0000005c   Data           0  q2arm.o(constdata)
    mydata                                   0x10000000   Section        4  q2arm.o(mydata)
    RESULT                                   0x10000000   Data           0  q2arm.o(mydata)

    Global Symbols

    Symbol Name                              Value     Ov Type        Size  Object(Section)

    BuildAttributes$$THM_ISAv4$P$D$K$B$S$PE$A:L22UL41UL21$X:L11$S22US41US21$IEEE1$IW$USESV6$~STKCKD$USESV7$~SHL$OSPACE$EBA8$STANDARDLIB$PRES8$EABIv2 0x00000000   Number         0  anon$$obj.o ABSOLUTE
    __Vectors                                0x00000000   Data           0  q2arm.o(RESET)
    Reset_Handler                            0x00000009   Thumb Code     0  q2arm.o(mycode)



==============================================================================

Memory Map of the image

  Image Entry point : 0x00000009

  Load Region LR_1 (Base: 0x00000000, Size: 0x00000064, Max: 0xffffffff, ABSOLUTE)

    Execution Region ER_RO (Base: 0x00000000, Size: 0x00000060, Max: 0xffffffff, ABSOLUTE)

    Base Addr    Size         Type   Attr      Idx    E Section Name        Object

    0x00000000   0x00000008   Data   RO            1    RESET               q2arm.o
    0x00000008   0x0000002c   Code   RO            2  * mycode              q2arm.o
    0x00000034   0x0000002c   Data   RO            4    constdata           q2arm.o


    Execution Region ER_RW (Base: 0x10000000, Size: 0x00000004, Max: 0xffffffff, ABSOLUTE)

    Base Addr    Size         Type   Attr      Idx    E Section Name        Object

    0x10000000   0x00000004   Data   RW            3    mydata              q2arm.o


    Execution Region ER_ZI (Base: 0x10000004, Size: 0x00000000, Max: 0xffffffff, ABSOLUTE)

    **** No section assigned to this execution region ****


==============================================================================

Image component sizes


      Code (inc. data)   RO Data    RW Data    ZI Data      Debug   Object Name

        44         12         52          4          0        224   q2arm.o

    ----------------------------------------------------------------------
        44         12         52          4          0        224   Object Totals
         0          0          0          0          0          0   (incl. Generated)
         0          0          0          0          0          0   (incl. Padding)

    ----------------------------------------------------------------------
         0          0          0          0          0          0   Library Totals
         0          0          0          0          0          0   (incl. Padding)

    ----------------------------------------------------------------------

==============================================================================


      Code (inc. data)   RO Data    RW Data    ZI Data      Debug   

        44         12         52          4          0        224   Grand Totals
        44         12         52          4          0        224   ELF Image Totals
        44         12         52          4          0          0   ROM Totals

==============================================================================

    Total RO  Size (Code + RO Data)                   96 (   0.09kB)
    Total RW  Size (RW Data + ZI Data)                 4 (   0.00kB)
    Total ROM Size (Code + RO Data + RW Data)        100 (   0.10kB)

==============================================================================

