


ARM Macro Assembler    Page 1 


    1 00000000                 AREA             RESET, DATA, READONLY
    2 00000000                 EXPORT           __Vectors
    3 00000000         
    4 00000000         __Vectors
    5 00000000 10001000        DCD              0x10001000
    6 00000004 00000000        DCD              Reset_Handler
    7 00000008         
    8 00000008                 ALIGN
    9 00000008         
   10 00000008                 AREA             mycode, CODE, READONLY
   11 00000000                 ENTRY
   12 00000000                 EXPORT           Reset_Handler
   13 00000000         
   14 00000000         Reset_Handler
   15 00000000         
   16 00000000 F04F 0005       MOV              R0, #5
   17 00000004 F000 F801       BL               FACTORIAL
   18 00000008         
   19 00000008         STOP
   20 00000008         
   21 00000008 E7FE            B                STOP
   22 0000000A         
   23 0000000A         FACTORIAL
   24 0000000A         
   25 0000000A 2801            CMP              R0, #1
   26 0000000C DD09            BLE              BASE_CASE
   27 0000000E         
   28 0000000E B501            PUSH             {R0, LR}
   29 00000010         
   30 00000010 F1A0 0001       SUB              R0, R0, #1
   31 00000014         
   32 00000014 F7FF FFF9       BL               FACTORIAL
   33 00000018         
   34 00000018 E8BD 4002       POP              {R1, LR}
   35 0000001C         
   36 0000001C FB00 F001       MUL              R0, R0, R1
   37 00000020         
   38 00000020 4770            BX               LR
   39 00000022         
   40 00000022         BASE_CASE
   41 00000022 F04F 0001       MOV              R0, #1
   42 00000026 4770            BX               LR
   43 00000028         
   44 00000028                 END
Command Line: --debug --xref --cpu=Cortex-M3 --apcs=interwork --depend=.\q2arm.
d -o.\q2arm.o -IC:\Keil\ARM\RV31\INC -IC:\Keil\ARM\CMSIS\Include -IC:\Keil\ARM\
Inc\NXP\LPC17xx --predefine="__EVAL SETA 1" --list=.\q2arm.lst Q2ARM.s



ARM Macro Assembler    Page 1 Alphabetic symbol ordering
Relocatable symbols

RESET 00000000

Symbol: RESET
   Definitions
      At line 1 in file Q2ARM.s
   Uses
      None
Comment: RESET unused
__Vectors 00000000

Symbol: __Vectors
   Definitions
      At line 4 in file Q2ARM.s
   Uses
      At line 2 in file Q2ARM.s
Comment: __Vectors used once
2 symbols



ARM Macro Assembler    Page 1 Alphabetic symbol ordering
Relocatable symbols

BASE_CASE 00000022

Symbol: BASE_CASE
   Definitions
      At line 40 in file Q2ARM.s
   Uses
      At line 26 in file Q2ARM.s
Comment: BASE_CASE used once
FACTORIAL 0000000A

Symbol: FACTORIAL
   Definitions
      At line 23 in file Q2ARM.s
   Uses
      At line 17 in file Q2ARM.s
      At line 32 in file Q2ARM.s

Reset_Handler 00000000

Symbol: Reset_Handler
   Definitions
      At line 14 in file Q2ARM.s
   Uses
      At line 6 in file Q2ARM.s
      At line 12 in file Q2ARM.s

STOP 00000008

Symbol: STOP
   Definitions
      At line 19 in file Q2ARM.s
   Uses
      At line 21 in file Q2ARM.s
Comment: STOP used once
mycode 00000000

Symbol: mycode
   Definitions
      At line 10 in file Q2ARM.s
   Uses
      None
Comment: mycode unused
5 symbols
338 symbols in table
