


ARM Macro Assembler    Page 1 


    1 00000000                 AREA             RESET, DATA, READONLY
    2 00000000                 EXPORT           __Vectors
    3 00000000         
    4 00000000         __Vectors
    5 00000000 10001000        DCD              0x10001000  ; stack pointer val
                                                            ue when stack is em
                                                            pty
    6 00000004 00000000        DCD              Reset_Handler ; reset vector
    7 00000008                 ALIGN
    8 00000008         
    9 00000008                 AREA             mycode, CODE, READONLY
   10 00000000                 ENTRY
   11 00000000                 EXPORT           Reset_Handler
   12 00000000         
   13 00000000         Reset_Handler
   14 00000000         
   15 00000000 4806            LDR              R0, = SRC
   16 00000002 4907            LDR              R1, = DST
   17 00000004 F04F 020A       MOV              R2, #10
   18 00000008 F100 0024       ADD              R0, R0, #36
   19 0000000C         LOOP
   20 0000000C         
   21 0000000C F850 3904       LDR              R3, [R0], #-4
   22 00000010 F841 3B04       STR              R3, [R1], #4
   23 00000014 1E52            SUBS             R2, R2, #1
   24 00000016         
   25 00000016 D1F9            BNE              LOOP
   26 00000018         
   27 00000018         STOP
   28 00000018 E7FE            B                STOP
   29 0000001A         
   30 0000001A 00 00 00000000 
              00000000         AREA             mydata, DATA, READWRITE
   31 00000000         
   32 00000000         DST
   33 00000000 00 00 00 
              00 00 00 
              00 00 00 
              00 00 00 
              00 00 00 
              00 00 00 
              00 00 00 
              00 00 00 
              00 00 00 
              00 00 00 
              00 00 00 
              00 00 00 
              00 00 00 
              00               SPACE            40
   34 00000028         
   35 00000028         
   36 00000028                 AREA             constdata, DATA, READONLY
   37 00000000         
   38 00000000         SRC
   39 00000000 0006FCA5 
              0000006F 
              000000DE 
              0000014D 
              000001BC         DCD              457893, 111, 222, 333, 444



ARM Macro Assembler    Page 2 


   40 00000014 0000022B 
              0000029A 
              00000309 
              00000378 
              000003E7         DCD              555, 666, 777, 888, 999
   41 00000028         
   42 00000028                 END
Command Line: --debug --xref --cpu=Cortex-M3 --apcs=interwork --depend=.\q2arm.
d -o.\q2arm.o -IC:\Keil\ARM\RV31\INC -IC:\Keil\ARM\CMSIS\Include -IC:\Keil\ARM\
Inc\NXP\LPC17xx --predefine="__EVAL SETA 1" --list=.\q2arm.lst Q2ARM.s



ARM Macro Assembler    Page 1 Alphabetic symbol ordering
Relocatable symbols

RESET 00000000

Symbol: RESET
   Definitions
      At line 1 in file Q2ARM.s
   Uses
      None
Comment: RESET unused
__Vectors 00000000

Symbol: __Vectors
   Definitions
      At line 4 in file Q2ARM.s
   Uses
      At line 2 in file Q2ARM.s
Comment: __Vectors used once
2 symbols



ARM Macro Assembler    Page 1 Alphabetic symbol ordering
Relocatable symbols

LOOP 0000000C

Symbol: LOOP
   Definitions
      At line 19 in file Q2ARM.s
   Uses
      At line 25 in file Q2ARM.s
Comment: LOOP used once
Reset_Handler 00000000

Symbol: Reset_Handler
   Definitions
      At line 13 in file Q2ARM.s
   Uses
      At line 6 in file Q2ARM.s
      At line 11 in file Q2ARM.s

STOP 00000018

Symbol: STOP
   Definitions
      At line 27 in file Q2ARM.s
   Uses
      At line 28 in file Q2ARM.s
Comment: STOP used once
mycode 00000000

Symbol: mycode
   Definitions
      At line 9 in file Q2ARM.s
   Uses
      None
Comment: mycode unused
4 symbols



ARM Macro Assembler    Page 1 Alphabetic symbol ordering
Relocatable symbols

DST 00000000

Symbol: DST
   Definitions
      At line 32 in file Q2ARM.s
   Uses
      At line 16 in file Q2ARM.s
Comment: DST used once
mydata 00000000

Symbol: mydata
   Definitions
      At line 30 in file Q2ARM.s
   Uses
      None
Comment: mydata unused
2 symbols



ARM Macro Assembler    Page 1 Alphabetic symbol ordering
Relocatable symbols

SRC 00000000

Symbol: SRC
   Definitions
      At line 38 in file Q2ARM.s
   Uses
      At line 15 in file Q2ARM.s
Comment: SRC used once
constdata 00000000

Symbol: constdata
   Definitions
      At line 36 in file Q2ARM.s
   Uses
      None
Comment: constdata unused
2 symbols
343 symbols in table
