


ARM Macro Assembler    Page 1 


    1 00000000         ;Write a program to divide a 32 bit number by 16 bit num
                       ber 
    2 00000000                 AREA             RESET, DATA, READONLY
    3 00000000                 EXPORT           __Vectors
    4 00000000         
    5 00000000         __Vectors
    6 00000000 10001000        DCD              0x10001000  ; stack pointer val
                                                            ue when stack is em
                                                            pty
    7 00000004 00000000        DCD              Reset_Handler ; reset vector
    8 00000008         
    9 00000008                 ALIGN
   10 00000008         
   11 00000008                 AREA             mycode, CODE, READONLY
   12 00000000                 ENTRY
   13 00000000                 EXPORT           Reset_Handler
   14 00000000         
   15 00000000         Reset_Handler
   16 00000000         
   17 00000000 4808            LDR              R0, =NUM1   ;32 bit number
   18 00000002 4909            LDR              R1, =NUM2   ;16 bit number
   19 00000004 4D09            LDR              R5, =RESULT
   20 00000006 6802            LDR              R2, [R0]
   21 00000008 880B            LDRH             R3, [R1]
   22 0000000A F04F 0400       MOV              R4, #0
   23 0000000E         
   24 0000000E         DIV_LOOP
   25 0000000E         
   26 0000000E 429A            CMP              R2, R3
   27 00000010 D304            BLO              DONE
   28 00000012         
   29 00000012 EBA2 0203       SUB              R2, R2, R3
   30 00000016         
   31 00000016 F104 0401       ADD              R4, R4, #1
   32 0000001A         
   33 0000001A E7F8            B                DIV_LOOP
   34 0000001C         
   35 0000001C         DONE
   36 0000001C 602C            STR              R4, [R5]
   37 0000001E 80AA            STRH             R2, [R5, #4]
   38 00000020         
   39 00000020         STOP
   40 00000020 E7FE            B                STOP
   41 00000022         
   42 00000022 00 00 00000000 
              00000000 
              00000000         AREA             mydata, DATA, READWRITE
   43 00000000         RESULT
   44 00000000 00 00 00 
              00 00 00         SPACE            6           ;6 bytes space, 4 f
                                                            or quotient and 2 f
                                                            or remainder
   45 00000006         
   46 00000006                 AREA             constdata, DATA, READONLY
   47 00000000         NUM1
   48 00000000 0000000A        DCD              0x0000000A
   49 00000004         NUM2
   50 00000004 03 00           DCW              0x00000003
   51 00000006         



ARM Macro Assembler    Page 2 


   52 00000006                 END
Command Line: --debug --xref --cpu=Cortex-M3 --apcs=interwork --depend=.\q4.d -
o.\q4.o -IC:\Keil\ARM\RV31\INC -IC:\Keil\ARM\CMSIS\Include -IC:\Keil\ARM\Inc\NX
P\LPC17xx --predefine="__EVAL SETA 1" --list=.\q4.lst Q4.s



ARM Macro Assembler    Page 1 Alphabetic symbol ordering
Relocatable symbols

RESET 00000000

Symbol: RESET
   Definitions
      At line 2 in file Q4.s
   Uses
      None
Comment: RESET unused
__Vectors 00000000

Symbol: __Vectors
   Definitions
      At line 5 in file Q4.s
   Uses
      At line 3 in file Q4.s
Comment: __Vectors used once
2 symbols



ARM Macro Assembler    Page 1 Alphabetic symbol ordering
Relocatable symbols

DIV_LOOP 0000000E

Symbol: DIV_LOOP
   Definitions
      At line 24 in file Q4.s
   Uses
      At line 33 in file Q4.s
Comment: DIV_LOOP used once
DONE 0000001C

Symbol: DONE
   Definitions
      At line 35 in file Q4.s
   Uses
      At line 27 in file Q4.s
Comment: DONE used once
Reset_Handler 00000000

Symbol: Reset_Handler
   Definitions
      At line 15 in file Q4.s
   Uses
      At line 7 in file Q4.s
      At line 13 in file Q4.s

STOP 00000020

Symbol: STOP
   Definitions
      At line 39 in file Q4.s
   Uses
      At line 40 in file Q4.s
Comment: STOP used once
mycode 00000000

Symbol: mycode
   Definitions
      At line 11 in file Q4.s
   Uses
      None
Comment: mycode unused
5 symbols



ARM Macro Assembler    Page 1 Alphabetic symbol ordering
Relocatable symbols

RESULT 00000000

Symbol: RESULT
   Definitions
      At line 43 in file Q4.s
   Uses
      At line 19 in file Q4.s
Comment: RESULT used once
mydata 00000000

Symbol: mydata
   Definitions
      At line 42 in file Q4.s
   Uses
      None
Comment: mydata unused
2 symbols



ARM Macro Assembler    Page 1 Alphabetic symbol ordering
Relocatable symbols

NUM1 00000000

Symbol: NUM1
   Definitions
      At line 47 in file Q4.s
   Uses
      At line 17 in file Q4.s
Comment: NUM1 used once
NUM2 00000004

Symbol: NUM2
   Definitions
      At line 49 in file Q4.s
   Uses
      At line 18 in file Q4.s
Comment: NUM2 used once
constdata 00000000

Symbol: constdata
   Definitions
      At line 46 in file Q4.s
   Uses
      None
Comment: constdata unused
3 symbols
345 symbols in table
