


ARM Macro Assembler    Page 1 


    1 00000000                 AREA             RESET, DATA, READONLY
    2 00000000                 EXPORT           __Vectors
    3 00000000         
    4 00000000         __Vectors
    5 00000000 10001000        DCD              0x10001000
    6 00000004 00000000        DCD              Reset_Handler
    7 00000008         
    8 00000008                 ALIGN
    9 00000008         
   10 00000008                 AREA             mycode, CODE, READONLY
   11 00000000                 ENTRY
   12 00000000                 EXPORT           Reset_Handler
   13 00000000         
   14 00000000         Reset_Handler
   15 00000000         
   16 00000000 4809            LDR              R0, =SRC
   17 00000002 F04F 0100       MOV              R1, #0
   18 00000006 F04F 0200       MOV              R2, #0
   19 0000000A 4B08            LDR              R3, =RESULT
   20 0000000C 4C08            LDR              R4, =CARRY
   21 0000000E F04F 050A       MOV              R5, #10
   22 00000012         
   23 00000012         LOOP
   24 00000012 F850 6B04       LDR              R6, [R0], #4
   25 00000016 1989            ADDS             R1, R1, R6
   26 00000018 F142 0200       ADC              R2, R2, #0
   27 0000001C         
   28 0000001C 1E6D            SUBS             R5, R5, #1
   29 0000001E         
   30 0000001E D1F8            BNE              LOOP
   31 00000020         
   32 00000020 6019            STR              R1, [R3]
   33 00000022 6022            STR              R2, [R4]
   34 00000024         STOP
   35 00000024 E7FE            B                STOP
   36 00000026         
   37 00000026 00 00 00000000 
              00000000 
              00000000         AREA             mydata, DATA, READWRITE
   38 00000000         
   39 00000000 00 00 00 
              00       RESULT  SPACE            4
   40 00000004 00 00 00 
              00       CARRY   SPACE            4
   41 00000008         
   42 00000008                 AREA             constdata, DATA, READONLY
   43 00000000         
   44 00000000 FFFFFFFF 
                       SRC     DCD              0xFFFFFFFF
   45 00000004 00000001 
              00000002 
              00000003 
              00000004 
              00000005 
              00000006 
              00000007 
              00000008 
              00000009         DCD              1,2,3,4,5,6,7,8,9
   46 00000028         



ARM Macro Assembler    Page 2 


   47 00000028                 END
Command Line: --debug --xref --cpu=Cortex-M3 --apcs=interwork --depend=.\q1arm.
d -o.\q1arm.o -IC:\Keil\ARM\RV31\INC -IC:\Keil\ARM\CMSIS\Include -IC:\Keil\ARM\
Inc\NXP\LPC17xx --predefine="__EVAL SETA 1" --list=.\q1arm.lst Q1ARM.s



ARM Macro Assembler    Page 1 Alphabetic symbol ordering
Relocatable symbols

RESET 00000000

Symbol: RESET
   Definitions
      At line 1 in file Q1ARM.s
   Uses
      None
Comment: RESET unused
__Vectors 00000000

Symbol: __Vectors
   Definitions
      At line 4 in file Q1ARM.s
   Uses
      At line 2 in file Q1ARM.s
Comment: __Vectors used once
2 symbols



ARM Macro Assembler    Page 1 Alphabetic symbol ordering
Relocatable symbols

LOOP 00000012

Symbol: LOOP
   Definitions
      At line 23 in file Q1ARM.s
   Uses
      At line 30 in file Q1ARM.s
Comment: LOOP used once
Reset_Handler 00000000

Symbol: Reset_Handler
   Definitions
      At line 14 in file Q1ARM.s
   Uses
      At line 6 in file Q1ARM.s
      At line 12 in file Q1ARM.s

STOP 00000024

Symbol: STOP
   Definitions
      At line 34 in file Q1ARM.s
   Uses
      At line 35 in file Q1ARM.s
Comment: STOP used once
mycode 00000000

Symbol: mycode
   Definitions
      At line 10 in file Q1ARM.s
   Uses
      None
Comment: mycode unused
4 symbols



ARM Macro Assembler    Page 1 Alphabetic symbol ordering
Relocatable symbols

CARRY 00000004

Symbol: CARRY
   Definitions
      At line 40 in file Q1ARM.s
   Uses
      At line 20 in file Q1ARM.s
Comment: CARRY used once
RESULT 00000000

Symbol: RESULT
   Definitions
      At line 39 in file Q1ARM.s
   Uses
      At line 19 in file Q1ARM.s
Comment: RESULT used once
mydata 00000000

Symbol: mydata
   Definitions
      At line 37 in file Q1ARM.s
   Uses
      None
Comment: mydata unused
3 symbols



ARM Macro Assembler    Page 1 Alphabetic symbol ordering
Relocatable symbols

SRC 00000000

Symbol: SRC
   Definitions
      At line 44 in file Q1ARM.s
   Uses
      At line 16 in file Q1ARM.s
Comment: SRC used once
constdata 00000000

Symbol: constdata
   Definitions
      At line 42 in file Q1ARM.s
   Uses
      None
Comment: constdata unused
2 symbols
344 symbols in table
