


ARM Macro Assembler    Page 1 


    1 00000000                 AREA             RESET, DATA, READONLY
    2 00000000                 EXPORT           __Vectors
    3 00000000         
    4 00000000         __Vectors
    5 00000000 10001000        DCD              0x10001000
    6 00000004 00000000        DCD              Reset_Handler
    7 00000008         
    8 00000008                 ALIGN
    9 00000008         
   10 00000008                 AREA             mycode, CODE, READONLY
   11 00000000                 ENTRY
   12 00000000                 EXPORT           Reset_Handler
   13 00000000         
   14 00000000         Reset_Handler
   15 00000000         
   16 00000000 480D            LDR              R0, =SRC
   17 00000002 490E            LDR              R1, =DST
   18 00000004 F04F 020A       MOV              R2, #10
   19 00000008         
   20 00000008 4288            CMP              R0, R1
   21 0000000A         
   22 0000000A DC01            BGT              FORWARD
   23 0000000C DB07            BLT              BACKWARD
   24 0000000E E011            B                STOP
   25 00000010         
   26 00000010         FORWARD
   27 00000010         
   28 00000010         LOOP_F
   29 00000010 F850 3B04       LDR              R3, [R0], #4
   30 00000014 F841 3B04       STR              R3, [R1], #4
   31 00000018 1E52            SUBS             R2, R2, #1
   32 0000001A         
   33 0000001A D1F9            BNE              LOOP_F
   34 0000001C         
   35 0000001C E00A            B                STOP
   36 0000001E         
   37 0000001E         BACKWARD
   38 0000001E F101 0124       ADD              R1, R1, #36
   39 00000022 F100 0024       ADD              R0, R0, #36
   40 00000026         
   41 00000026         LOOP_B
   42 00000026         
   43 00000026 F850 3904       LDR              R3, [R0], #-4
   44 0000002A F841 3904       STR              R3, [R1], #-4
   45 0000002E 1E52            SUBS             R2, R2, #1
   46 00000030         
   47 00000030 D1F9            BNE              LOOP_B
   48 00000032         
   49 00000032 E7FF            B                STOP
   50 00000034         STOP
   51 00000034 E7FE            B                STOP
   52 00000036         
   53 00000036         
   54 00000036 00 00 00000000 
              00000000         AREA             DATASEG, DATA, READWRITE
   55 00000000         
   56 00000000 00 00 00 
              00 00 00 
              00 00 00 



ARM Macro Assembler    Page 2 


              00 00 00 
              00 00 00 
              00 00 00 
              00 00 00 
              00 00 00 
              00 00 00 
              00 00 00 
              00 00 00 
              00 00 00 
              00 00 00 
              00       DST     SPACE            40
   57 00000028         
   58 00000028         
   59 00000028                 AREA             mycode2, CODE, READONLY
   60 00000000         
   61 00000000 00000001 
              00000002 
              00000003 
              00000004 
              00000005 SRC     DCD              1,2,3,4,5
   62 00000014 00000006 
              00000007 
              00000008 
              00000009 
              0000000A         DCD              6,7,8,9,10
   63 00000028         
   64 00000028                 END
Command Line: --debug --xref --cpu=Cortex-M3 --apcs=interwork --depend=.\q1arm.
d -o.\q1arm.o -IC:\Keil\ARM\RV31\INC -IC:\Keil\ARM\CMSIS\Include -IC:\Keil\ARM\
Inc\NXP\LPC17xx --predefine="__EVAL SETA 1" --list=.\q1arm.lst Q1ARM.s



ARM Macro Assembler    Page 1 Alphabetic symbol ordering
Relocatable symbols

RESET 00000000

Symbol: RESET
   Definitions
      At line 1 in file Q1ARM.s
   Uses
      None
Comment: RESET unused
__Vectors 00000000

Symbol: __Vectors
   Definitions
      At line 4 in file Q1ARM.s
   Uses
      At line 2 in file Q1ARM.s
Comment: __Vectors used once
2 symbols



ARM Macro Assembler    Page 1 Alphabetic symbol ordering
Relocatable symbols

BACKWARD 0000001E

Symbol: BACKWARD
   Definitions
      At line 37 in file Q1ARM.s
   Uses
      At line 23 in file Q1ARM.s
Comment: BACKWARD used once
FORWARD 00000010

Symbol: FORWARD
   Definitions
      At line 26 in file Q1ARM.s
   Uses
      At line 22 in file Q1ARM.s
Comment: FORWARD used once
LOOP_B 00000026

Symbol: LOOP_B
   Definitions
      At line 41 in file Q1ARM.s
   Uses
      At line 47 in file Q1ARM.s
Comment: LOOP_B used once
LOOP_F 00000010

Symbol: LOOP_F
   Definitions
      At line 28 in file Q1ARM.s
   Uses
      At line 33 in file Q1ARM.s
Comment: LOOP_F used once
Reset_Handler 00000000

Symbol: Reset_Handler
   Definitions
      At line 14 in file Q1ARM.s
   Uses
      At line 6 in file Q1ARM.s
      At line 12 in file Q1ARM.s

STOP 00000034

Symbol: STOP
   Definitions
      At line 50 in file Q1ARM.s
   Uses
      At line 24 in file Q1ARM.s
      At line 35 in file Q1ARM.s
      At line 49 in file Q1ARM.s
      At line 51 in file Q1ARM.s

mycode 00000000

Symbol: mycode
   Definitions
      At line 10 in file Q1ARM.s
   Uses
      None



ARM Macro Assembler    Page 2 Alphabetic symbol ordering
Relocatable symbols

Comment: mycode unused
7 symbols



ARM Macro Assembler    Page 1 Alphabetic symbol ordering
Relocatable symbols

DATASEG 00000000

Symbol: DATASEG
   Definitions
      At line 54 in file Q1ARM.s
   Uses
      None
Comment: DATASEG unused
DST 00000000

Symbol: DST
   Definitions
      At line 56 in file Q1ARM.s
   Uses
      At line 17 in file Q1ARM.s
Comment: DST used once
2 symbols



ARM Macro Assembler    Page 1 Alphabetic symbol ordering
Relocatable symbols

SRC 00000000

Symbol: SRC
   Definitions
      At line 61 in file Q1ARM.s
   Uses
      At line 16 in file Q1ARM.s
Comment: SRC used once
mycode2 00000000

Symbol: mycode2
   Definitions
      At line 59 in file Q1ARM.s
   Uses
      None
Comment: mycode2 unused
2 symbols
346 symbols in table
