ARM Linker, 5.03 [Build 76] [MDK-ARM Lite]

==============================================================================

Section Cross References

    q1arm.o(RESET) refers to q1arm.o(mycode) for Reset_Handler
    q1arm.o(mycode) refers to q1arm.o(constdata) for ARRAY
    q1arm.o(mycode) refers to q1arm.o(mydata) for RESULT


==============================================================================

Image Symbol Table

    Local Symbols

    Symbol Name                              Value     Ov Type        Size  Object(Section)

    RESET                                    0x00000000   Section        8  q1arm.o(RESET)
    Q1ARM.s                                  0x00000000   Number         0  q1arm.o ABSOLUTE
    mycode                                   0x00000008   Section      108  q1arm.o(mycode)
    constdata                                0x00000074   Section       40  q1arm.o(constdata)
    ARRAY                                    0x00000074   Data           0  q1arm.o(constdata)
    mydata                                   0x10000000   Section       40  q1arm.o(mydata)
    RESULT                                   0x10000000   Data           0  q1arm.o(mydata)

    Global Symbols

    Symbol Name                              Value     Ov Type        Size  Object(Section)

    BuildAttributes$$THM_ISAv4$P$D$K$B$S$PE$A:L22UL41UL21$X:L11$S22US41US21$IEEE1$IW$USESV6$~STKCKD$USESV7$~SHL$OSPACE$EBA8$STANDARDLIB$PRES8$EABIv2 0x00000000   Number         0  anon$$obj.o ABSOLUTE
    __Vectors                                0x00000000   Data           0  q1arm.o(RESET)
    Reset_Handler                            0x00000009   Thumb Code     0  q1arm.o(mycode)



==============================================================================

Memory Map of the image

  Image Entry point : 0x00000009

  Load Region LR_1 (Base: 0x00000000, Size: 0x000000c4, Max: 0xffffffff, ABSOLUTE)

    Execution Region ER_RO (Base: 0x00000000, Size: 0x0000009c, Max: 0xffffffff, ABSOLUTE)

    Base Addr    Size         Type   Attr      Idx    E Section Name        Object

    0x00000000   0x00000008   Data   RO            1    RESET               q1arm.o
    0x00000008   0x0000006c   Code   RO            2  * mycode              q1arm.o
    0x00000074   0x00000028   Data   RO            4    constdata           q1arm.o


    Execution Region ER_RW (Base: 0x10000000, Size: 0x00000028, Max: 0xffffffff, ABSOLUTE)

    Base Addr    Size         Type   Attr      Idx    E Section Name        Object

    0x10000000   0x00000028   Data   RW            3    mydata              q1arm.o


    Execution Region ER_ZI (Base: 0x10000028, Size: 0x00000000, Max: 0xffffffff, ABSOLUTE)

    **** No section assigned to this execution region ****


==============================================================================

Image component sizes


      Code (inc. data)   RO Data    RW Data    ZI Data      Debug   Object Name

       108         12         48         40          0        244   q1arm.o

    ----------------------------------------------------------------------
       108         12         48         40          0        244   Object Totals
         0          0          0          0          0          0   (incl. Generated)
         0          0          0          0          0          0   (incl. Padding)

    ----------------------------------------------------------------------
         0          0          0          0          0          0   Library Totals
         0          0          0          0          0          0   (incl. Padding)

    ----------------------------------------------------------------------

==============================================================================


      Code (inc. data)   RO Data    RW Data    ZI Data      Debug   

       108         12         48         40          0        244   Grand Totals
       108         12         48         40          0        244   ELF Image Totals
       108         12         48         40          0          0   ROM Totals

==============================================================================

    Total RO  Size (Code + RO Data)                  156 (   0.15kB)
    Total RW  Size (RW Data + ZI Data)                40 (   0.04kB)
    Total ROM Size (Code + RO Data + RW Data)        196 (   0.19kB)

==============================================================================

