<html>
<body>
<pre>
<h1>µVision Build Log</h1>
<h2>Project:</h2>
C:\Users\abhij\Documents\ESD-LAB\ES-Lab\Lab2\Examples\Q1\Q1.uvproj
Project File Date:  08/29/2026

<h2>Output:</h2>
Build target 'Target 1'
assembling Q1ARM.s...
Q1ARM.s(40): warning: A1581W: Added 2 bytes of padding at address 0x1e
linking...
Program Size: Code=44 RO-data=16 RW-data=4 ZI-data=0  
".\Q1.axf" - 0 Error(s), 1 Warning(s).
</pre>
</body>
</html>
E , expecting opcode or Macro
".\Q1.axf" - 3 Error(s), 0 Warning(s).
Target not created
