


ARM Macro Assembler    Page 1 


    1 00000000                 AREA             RESET, DATA, READONLY
    2 00000000                 EXPORT           __Vectors
    3 00000000         
    4 00000000         __Vectors
    5 00000000 10001000        DCD              0x10001000  ; stack pointer val
                                                            ue when stack is em
                                                            pty
    6 00000004 00000000        DCD              Reset_Handler ; reset vector
    7 00000008                 ALIGN
    8 00000008         
    9 00000008                 AREA             mycode, CODE, READONLY
   10 00000000                 ENTRY
   11 00000000                 EXPORT           Reset_Handler
   12 00000000         Reset_Handler
   13 00000000         
   14 00000000 4807            LDR              R0, =NUM1
   15 00000002 4908            LDR              R1, =NUM2
   16 00000004 4A08            LDR              R2, =RESULT
   17 00000006         
   18 00000006 6803            LDR              R3, [R0]
   19 00000008 680C            LDR              R4, [R1]
   20 0000000A 191B            ADDS             R3, R3, R4
   21 0000000C         
   22 0000000C D200            BCS              CARRY
   23 0000000E E002            B                NO_CARRY
   24 00000010         
   25 00000010         CARRY
   26 00000010 F04F 0501       MOV              R5, #1
   27 00000014 E001            B                STORE
   28 00000016         
   29 00000016         NO_CARRY
   30 00000016 F04F 0500       MOV              R5, #0
   31 0000001A         
   32 0000001A         STORE
   33 0000001A 6013            STR              R3, [R2]
   34 0000001C         
   35 0000001C         
   36 0000001C         STOP
   37 0000001C E7FE            B                STOP
   38 0000001E         
   39 0000001E         
   40 0000001E 00 00 00000000 
              00000000 
              00000000         AREA             mydata, DATA, READWRITE
   41 00000000         
   42 00000000 00 00 00 
              00       RESULT  SPACE            4
   43 00000004         
   44 00000004                 AREA             constdata, DATA, READONLY
   45 00000000         
   46 00000000 FFFFFFFF 
                       NUM1    DCD              0xFFFFFFFF
   47 00000004 00000001 
                       NUM2    DCD              1
   48 00000008         
   49 00000008                 END
Command Line: --debug --xref --cpu=Cortex-M3 --apcs=interwork --depend=.\q1arm.
d -o.\q1arm.o -IC:\Keil\ARM\RV31\INC -IC:\Keil\ARM\CMSIS\Include -IC:\Keil\ARM\
Inc\NXP\LPC17xx --predefine="__EVAL SETA 1" --list=.\q1arm.lst Q1ARM.s



ARM Macro Assembler    Page 1 Alphabetic symbol ordering
Relocatable symbols

RESET 00000000

Symbol: RESET
   Definitions
      At line 1 in file Q1ARM.s
   Uses
      None
Comment: RESET unused
__Vectors 00000000

Symbol: __Vectors
   Definitions
      At line 4 in file Q1ARM.s
   Uses
      At line 2 in file Q1ARM.s
Comment: __Vectors used once
2 symbols



ARM Macro Assembler    Page 1 Alphabetic symbol ordering
Relocatable symbols

CARRY 00000010

Symbol: CARRY
   Definitions
      At line 25 in file Q1ARM.s
   Uses
      At line 22 in file Q1ARM.s
Comment: CARRY used once
NO_CARRY 00000016

Symbol: NO_CARRY
   Definitions
      At line 29 in file Q1ARM.s
   Uses
      At line 23 in file Q1ARM.s
Comment: NO_CARRY used once
Reset_Handler 00000000

Symbol: Reset_Handler
   Definitions
      At line 12 in file Q1ARM.s
   Uses
      At line 6 in file Q1ARM.s
      At line 11 in file Q1ARM.s

STOP 0000001C

Symbol: STOP
   Definitions
      At line 36 in file Q1ARM.s
   Uses
      At line 37 in file Q1ARM.s
Comment: STOP used once
STORE 0000001A

Symbol: STORE
   Definitions
      At line 32 in file Q1ARM.s
   Uses
      At line 27 in file Q1ARM.s
Comment: STORE used once
mycode 00000000

Symbol: mycode
   Definitions
      At line 9 in file Q1ARM.s
   Uses
      None
Comment: mycode unused
6 symbols



ARM Macro Assembler    Page 1 Alphabetic symbol ordering
Relocatable symbols

RESULT 00000000

Symbol: RESULT
   Definitions
      At line 42 in file Q1ARM.s
   Uses
      At line 16 in file Q1ARM.s
Comment: RESULT used once
mydata 00000000

Symbol: mydata
   Definitions
      At line 40 in file Q1ARM.s
   Uses
      None
Comment: mydata unused
2 symbols



ARM Macro Assembler    Page 1 Alphabetic symbol ordering
Relocatable symbols

NUM1 00000000

Symbol: NUM1
   Definitions
      At line 46 in file Q1ARM.s
   Uses
      At line 14 in file Q1ARM.s
Comment: NUM1 used once
NUM2 00000004

Symbol: NUM2
   Definitions
      At line 47 in file Q1ARM.s
   Uses
      At line 15 in file Q1ARM.s
Comment: NUM2 used once
constdata 00000000

Symbol: constdata
   Definitions
      At line 44 in file Q1ARM.s
   Uses
      None
Comment: constdata unused
3 symbols
346 symbols in table
